Component: ARM Compiler 5.06 update 6 (build 750) Tool: armlink [4d35ed]

==============================================================================

Section Cross References

    startup_stm32f427xx.o(STACK) refers (Special) to heapauxi.o(.text) for __use_two_region_memory
    startup_stm32f427xx.o(HEAP) refers (Special) to heapauxi.o(.text) for __use_two_region_memory
    startup_stm32f427xx.o(RESET) refers (Special) to heapauxi.o(.text) for __use_two_region_memory
    startup_stm32f427xx.o(RESET) refers to startup_stm32f427xx.o(STACK) for __initial_sp
    startup_stm32f427xx.o(RESET) refers to startup_stm32f427xx.o(.text) for Reset_Handler
    startup_stm32f427xx.o(RESET) refers to stm32f4xx_it.o(i.NMI_Handler) for NMI_Handler
    startup_stm32f427xx.o(RESET) refers to stm32f4xx_it.o(i.HardFault_Handler) for HardFault_Handler
    startup_stm32f427xx.o(RESET) refers to stm32f4xx_it.o(i.MemManage_Handler) for MemManage_Handler
    startup_stm32f427xx.o(RESET) refers to stm32f4xx_it.o(i.BusFault_Handler) for BusFault_Handler
    startup_stm32f427xx.o(RESET) refers to stm32f4xx_it.o(i.UsageFault_Handler) for UsageFault_Handler
    startup_stm32f427xx.o(RESET) refers to stm32f4xx_it.o(i.SVC_Handler) for SVC_Handler
    startup_stm32f427xx.o(RESET) refers to stm32f4xx_it.o(i.DebugMon_Handler) for DebugMon_Handler
    startup_stm32f427xx.o(RESET) refers to stm32f4xx_it.o(i.PendSV_Handler) for PendSV_Handler
    startup_stm32f427xx.o(RESET) refers to stm32f4xx_it.o(i.SysTick_Handler) for SysTick_Handler
    startup_stm32f427xx.o(RESET) refers to stm32f4xx_it.o(i.CAN1_RX0_IRQHandler) for CAN1_RX0_IRQHandler
    startup_stm32f427xx.o(RESET) refers to stm32f4xx_it.o(i.TIM2_IRQHandler) for TIM2_IRQHandler
    startup_stm32f427xx.o(RESET) refers to stm32f4xx_it.o(i.USART1_IRQHandler) for USART1_IRQHandler
    startup_stm32f427xx.o(RESET) refers to stm32f4xx_it.o(i.DMA2_Stream2_IRQHandler) for DMA2_Stream2_IRQHandler
    startup_stm32f427xx.o(RESET) refers to stm32f4xx_it.o(i.DMA2_Stream3_IRQHandler) for DMA2_Stream3_IRQHandler
    startup_stm32f427xx.o(RESET) refers to stm32f4xx_it.o(i.SPI5_IRQHandler) for SPI5_IRQHandler
    startup_stm32f427xx.o(.text) refers (Special) to heapauxi.o(.text) for __use_two_region_memory
    startup_stm32f427xx.o(.text) refers to system_stm32f4xx.o(i.SystemInit) for SystemInit
    startup_stm32f427xx.o(.text) refers to __main.o(!!!main) for __main
    startup_stm32f427xx.o(.text) refers to startup_stm32f427xx.o(HEAP) for Heap_Mem
    startup_stm32f427xx.o(.text) refers to startup_stm32f427xx.o(STACK) for Stack_Mem
    rc.o(i.get_dr16_data) refers to rc.o(.bss) for .bss
    rc.o(i.rc_init) refers to stm32f4xx_hal_uart.o(i.HAL_UARTEx_ReceiveToIdle_DMA) for HAL_UARTEx_ReceiveToIdle_DMA
    rc.o(i.rc_init) refers to rc.o(.bss) for .bss
    rc.o(i.rc_receive) refers to rc.o(i.get_dr16_data) for get_dr16_data
    rc.o(i.rc_receive) refers to rc.o(.bss) for .bss
    imu_data_analysis.o(i.Filter_one) refers to imu_data_analysis.o(.data) for .data
    imu_data_analysis.o(i.SPI5_ReadWriteByte) refers to stm32f4xx_hal_spi.o(i.HAL_SPI_TransmitReceive) for HAL_SPI_TransmitReceive
    imu_data_analysis.o(i.SPI5_ReadWriteByte) refers to main.o(.bss) for hspi5
    imu_data_analysis.o(i.imu_attitude_update) refers to f2d.o(x$fpl$f2d) for __aeabi_f2d
    imu_data_analysis.o(i.imu_attitude_update) refers to asin.o(i.__hardfp_asin) for __hardfp_asin
    imu_data_analysis.o(i.imu_attitude_update) refers to dmul.o(x$fpl$dmul) for __aeabi_dmul
    imu_data_analysis.o(i.imu_attitude_update) refers to d2f.o(x$fpl$d2f) for __aeabi_d2f
    imu_data_analysis.o(i.imu_attitude_update) refers to quaternion.o(i.imuUpdate) for imuUpdate
    imu_data_analysis.o(i.imu_attitude_update) refers to imu_data_analysis.o(.bss) for .bss
    imu_data_analysis.o(i.mpu_device_init) refers to stm32f4xx_hal.o(i.HAL_Delay) for HAL_Delay
    imu_data_analysis.o(i.mpu_device_init) refers to imu_data_analysis.o(i.mpu_read_byte) for mpu_read_byte
    imu_data_analysis.o(i.mpu_device_init) refers to rt_memcpy_w.o(.text) for __aeabi_memcpy4
    imu_data_analysis.o(i.mpu_device_init) refers to imu_data_analysis.o(i.mpu_write_byte) for mpu_write_byte
    imu_data_analysis.o(i.mpu_device_init) refers to imu_data_analysis.o(i.mpu_offset_call) for mpu_offset_call
    imu_data_analysis.o(i.mpu_device_init) refers to f2d.o(x$fpl$f2d) for __aeabi_f2d
    imu_data_analysis.o(i.mpu_device_init) refers to asin.o(i.__hardfp_asin) for __hardfp_asin
    imu_data_analysis.o(i.mpu_device_init) refers to d2f.o(x$fpl$d2f) for __aeabi_d2f
    imu_data_analysis.o(i.mpu_device_init) refers to quaternion.o(i.quaternion_init) for quaternion_init
    imu_data_analysis.o(i.mpu_device_init) refers to imu_data_analysis.o(.data) for .data
    imu_data_analysis.o(i.mpu_device_init) refers to imu_data_analysis.o(.constdata) for .constdata
    imu_data_analysis.o(i.mpu_device_init) refers to imu_data_analysis.o(.bss) for .bss
[...]
    i.mpu_offset_call                        0x08004c7c   Section        0  imu_data_analysis.o(i.mpu_offset_call)
    i.mpu_read_byte                          0x08004dbc   Section        0  imu_data_analysis.o(i.mpu_read_byte)
    i.mpu_read_bytes                         0x08004df8   Section        0  imu_data_analysis.o(i.mpu_read_bytes)
    i.mpu_write_byte                         0x08004e5c   Section        0  imu_data_analysis.o(i.mpu_write_byte)
    i.quaternion_init                        0x08004e9c   Section        0  quaternion.o(i.quaternion_init)
    i.rc_receive                             0x08004f94   Section        0  rc.o(i.rc_receive)
    i.set_current                            0x08004fa0   Section        0  mes.o(i.set_current)
    i.sqrt                                   0x08004ffe   Section        0  sqrt.o(i.sqrt)
    i.sqrtf                                  0x0800506c   Section        0  sqrtf.o(i.sqrtf)
    i.system_init                            0x080050ac   Section        0  system.o(i.system_init)
    i.system_loop                            0x080051d4   Section        0  system.o(i.system_loop)
    x$fpl$basic                              0x0800579c   Section       24  basic.o(x$fpl$basic)
    $v0                                      0x0800579c   Number         0  basic.o(x$fpl$basic)
    x$fpl$d2f                                0x080057b4   Section       98  d2f.o(x$fpl$d2f)
    $v0                                      0x080057b4   Number         0  d2f.o(x$fpl$d2f)
    x$fpl$dadd                               0x08005818   Section      336  daddsub_clz.o(x$fpl$dadd)
    $v0                                      0x08005818   Number         0  daddsub_clz.o(x$fpl$dadd)
    _dadd1                                   0x08005829   Thumb Code     0  daddsub_clz.o(x$fpl$dadd)
    x$fpl$ddiv                               0x08005968   Section      688  ddiv.o(x$fpl$ddiv)
    $v0                                      0x08005968   Number         0  ddiv.o(x$fpl$ddiv)
    ddiv_entry                               0x0800596f   Thumb Code     0  ddiv.o(x$fpl$ddiv)
    x$fpl$dfix                               0x08005c18   Section       94  dfix.o(x$fpl$dfix)
    $v0                                      0x08005c18   Number         0  dfix.o(x$fpl$dfix)
    x$fpl$dflt                               0x08005c76   Section       46  dflt_clz.o(x$fpl$dflt)
    $v0                                      0x08005c76   Number         0  dflt_clz.o(x$fpl$dflt)
    x$fpl$dfltu                              0x08005ca4   Section       38  dflt_clz.o(x$fpl$dfltu)
    $v0                                      0x08005ca4   Number         0  dflt_clz.o(x$fpl$dfltu)
    x$fpl$dmul                               0x08005ccc   Section      340  dmul.o(x$fpl$dmul)
    $v0                                      0x08005ccc   Number         0  dmul.o(x$fpl$dmul)
    x$fpl$dnaninf                            0x08005e20   Section      156  dnaninf.o(x$fpl$dnaninf)
    $v0                                      0x08005e20   Number         0  dnaninf.o(x$fpl$dnaninf)
    x$fpl$dretinf                            0x08005ebc   Section       12  dretinf.o(x$fpl$dretinf)
    $v0                                      0x08005ebc   Number         0  dretinf.o(x$fpl$dretinf)
    x$fpl$drsb                               0x08005ec8   Section       22  daddsub_clz.o(x$fpl$drsb)
    $v0                                      0x08005ec8   Number         0  daddsub_clz.o(x$fpl$drsb)
    x$fpl$dsqrt                              0x08005ee0   Section      408  dsqrt_umaal.o(x$fpl$dsqrt)
    $v0                                      0x08005ee0   Number         0  dsqrt_umaal.o(x$fpl$dsqrt)
    x$fpl$dsub                               0x08006078   Section      468  daddsub_clz.o(x$fpl$dsub)
    $v0                                      0x08006078   Number         0  daddsub_clz.o(x$fpl$dsub)
    _dsub1                                   0x08006089   Thumb Code     0  daddsub_clz.o(x$fpl$dsub)
    x$fpl$f2d                                0x0800624c   Section       86  f2d.o(x$fpl$f2d)
    $v0                                      0x0800624c   Number         0  f2d.o(x$fpl$f2d)
    x$fpl$fnaninf                            0x080062a2   Section      140  fnaninf.o(x$fpl$fnaninf)
    $v0                                      0x080062a2   Number         0  fnaninf.o(x$fpl$fnaninf)
    x$fpl$fpinit                             0x0800632e   Section       10  fpinit.o(x$fpl$fpinit)
    $v0                                      0x0800632e   Number         0  fpinit.o(x$fpl$fpinit)
    x$fpl$fretinf                            0x08006338   Section       10  fretinf.o(x$fpl$fretinf)
    $v0                                      0x08006338   Number         0  fretinf.o(x$fpl$fretinf)
    x$fpl$usenofp                            0x08006342   Section        0  usenofp.o(x$fpl$usenofp)
    .constdata                               0x08006344   Section       20  imu_data_analysis.o(.constdata)
    .constdata                               0x08006358   Section        8  stm32f4xx_hal_dma.o(.constdata)
    flagBitshiftOffset                       0x08006358   Data           8  stm32f4xx_hal_dma.o(.constdata)
    .constdata                               0x08006360   Section       16  system_stm32f4xx.o(.constdata)
    .constdata                               0x08006370   Section        8  system_stm32f4xx.o(.constdata)
    .constdata                               0x08006378   Section       80  asin.o(.constdata)
    pS                                       0x08006378   Data          48  asin.o(.constdata)
    qS                                       0x080063a8   Data          32  asin.o(.constdata)
    .constdata                               0x080063c8   Section       48  cos_i.o(.constdata)
    C                                        0x080063c8   Data          48  cos_i.o(.constdata)
    .constdata                               0x080063f8   Section      200  rred.o(.constdata)
    pio2s                                    0x080063f8   Data          48  rred.o(.constdata)
    twooverpi                                0x08006428   Data         152  rred.o(.constdata)
    .constdata                               0x080064c0   Section       40  sin_i.o(.constdata)
    S                                        0x080064c0   Data          40  sin_i.o(.constdata)
    .data                                    0x20000000   Section        8  imu_data_analysis.o(.data)
    first_flag                               0x20000001   Data           1  imu_data_analysis.o(.data)
    tx                                       0x20000002   Data           1  imu_data_analysis.o(.data)
    rx                                       0x20000003   Data           1  imu_data_analysis.o(.data)
    last_data                                0x20000004   Data           4  imu_data_analysis.o(.data)
    .data                                    0x20000008   Section       40  quaternion.o(.data)
    q0                                       0x20000010   Data           4  quaternion.o(.data)
    q1                                       0x20000014   Data           4  quaternion.o(.data)
    q2                                       0x20000018   Data           4  quaternion.o(.data)
    q3                                       0x2000001c   Data           4  quaternion.o(.data)
    .data                                    0x20000030   Section      100  system.o(.data)
    q0                                       0x20000068   Data           4  system.o(.data)
    q1                                       0x2000006c   Data           4  system.o(.data)
    q2                                       0x20000070   Data           4  system.o(.data)
    q3                                       0x20000074   Data           4  system.o(.data)
    .data                                    0x20000094   Section        8  mes.o(.data)
    .data                                    0x2000009c   Section        4  main.o(.data)
    .data                                    0x200000a0   Section        4  main.o(.data)
    .data                                    0x200000a4   Section        8  timer.o(.data)
    .data                                    0x200000ac   Section       12  stm32f4xx_hal.o(.data)
    .data                                    0x200000b8   Section        4  system_stm32f4xx.o(.data)
    .bss                                     0x200000bc   Section       30  rc.o(.bss)
    .bss                                     0x200000da   Section       20  rc.o(.bss)
    .bss                                     0x200000f0   Section      118  imu_data_analysis.o(.bss)
    .bss                                     0x20000168   Section       36  quaternion.o(.bss)
    rMat                                     0x20000168   Data          36  quaternion.o(.bss)
    .bss                                     0x2000018c   Section      172  system.o(.bss)
    .bss                                     0x20000238   Section       76  mes.o(.bss)
    .bss                                     0x20000284   Section      272  main.o(.bss)
    .bss                                     0x20000394   Section       96  main.o(.bss)
    .bss                                     0x200003f4   Section       96  main.o(.bss)
    .bss                                     0x20000454   Section       96  libspace.o(.bss)
    HEAP                                     0x200004b8   Section      512  startup_stm32f427xx.o(HEAP)
    Heap_Mem                                 0x200004b8   Data         512  startup_stm32f427xx.o(HEAP)
    STACK                                    0x200006b8   Section     1024  startup_stm32f427xx.o(STACK)
    Stack_Mem                                0x200006b8   Data        1024  startup_stm32f427xx.o(STACK)
    __initial_sp                             0x20000ab8   Data           0  startup_stm32f427xx.o(STACK)

    Global Symbols

    Symbol Name                              Value     Ov Type        Size  Object(Section)

    BuildAttributes$$THM_ISAv4$E$P$D$K$B$S$7EM$VFPi3$EXTD16$VFPS$VFMA$PE$A:L22UL41UL21$X:L11$S22US41US21$IEEE1$IW$USESV6$~STKCKD$USESV7$~SHL$OTIME$ROPI$IEEEX$EBA8$UX$STANDARDLIB$REQ8$PRES8$EABIv2 0x00000000   Number         0  anon$$obj.o ABSOLUTE
    __ARM_use_no_argv                        0x00000000   Number         0  main.o ABSOLUTE
    __ARM_exceptions_init                     - Undefined Weak Reference
    __alloca_initialize                       - Undefined Weak Reference
    __arm_preinit_                            - Undefined Weak Reference
    __cpp_initialize__aeabi_                  - Undefined Weak Reference
    __cxa_finalize                            - Undefined Weak Reference
    __rt_locale                               - Undefined Weak Reference
    __sigvec_lookup                           - Undefined Weak Reference
    _atexit_init                              - Undefined Weak Reference
    _call_atexit_fns                          - Undefined Weak Reference
    _clock_init                               - Undefined Weak Reference
    _fp_trap_init                             - Undefined Weak Reference
    _fp_trap_shutdown                         - Undefined Weak Reference
    _get_lc_collate                           - Undefined Weak Reference
    _get_lc_ctype                             - Undefined Weak Reference
    _get_lc_monetary                          - Undefined Weak Reference
    _get_lc_numeric                           - Undefined Weak Reference
    _get_lc_time                              - Undefined Weak Reference
    _getenv_init                              - Undefined Weak Reference
    _handle_redirection                       - Undefined Weak Reference
    _init_alloc                               - Undefined Weak Reference
    _init_user_alloc                          - Undefined Weak Reference
    _initio                                   - Undefined Weak Reference
    _rand_init                                - Undefined Weak Reference
    _signal_finish                            - Undefined Weak Reference
    _signal_init                              - Undefined Weak Reference
    _terminate_alloc                          - Undefined Weak Reference
    _terminate_user_alloc                     - Undefined Weak Reference
    _terminateio                              - Undefined Weak Reference
    __Vectors_Size                           0x000001ac   Number         0  startup_stm32f427xx.o ABSOLUTE
    __Vectors                                0x08000000   Data           4  startup_stm32f427xx.o(RESET)
    __Vectors_End                            0x080001ac   Data           0  startup_stm32f427xx.o(RESET)
    __main                                   0x080001ad   Thumb Code     8  __main.o(!!!main)
    __scatterload                            0x080001b5   Thumb Code     0  __scatter.o(!!!scatter)
    __scatterload_rt2                        0x080001b5   Thumb Code    44  __scatter.o(!!!scatter)
    __scatterload_rt2_thumb_only             0x080001b5   Thumb Code     0  __scatter.o(!!!scatter)
    __scatterload_null                       0x080001c3   Thumb Code     0  __scatter.o(!!!scatter)
    __scatterload_copy                       0x080001e9   Thumb Code    26  __scatter_copy.o(!!handler_copy)
    __scatterload_zeroinit                   0x08000205   Thumb Code    28  __scatter_zi.o(!!handler_zi)
    __rt_lib_init                            0x08000221   Thumb Code     0  libinit.o(.ARM.Collect$$libinit$$00000000)
    __rt_lib_init_fp_1                       0x08000223   Thumb Code     0  libinit2.o(.ARM.Collect$$libinit$$00000001)
    __rt_lib_init_alloca_1                   0x08000227   Thumb Code     0  libinit2.o(.ARM.Collect$$libinit$$0000002E)
    __rt_lib_init_argv_1                     0x08000227   Thumb Code     0  libinit2.o(.ARM.Collect$$libinit$$0000002C)
    __rt_lib_init_atexit_1                   0x08000227   Thumb Code     0  libinit2.o(.ARM.Collect$$libinit$$0000001B)
    __rt_lib_init_clock_1                    0x08000227   Thumb Code     0  libinit2.o(.ARM.Collect$$libinit$$00000021)
    __rt_lib_init_cpp_1                      0x08000227   Thumb Code     0  libinit2.o(.ARM.Collect$$libinit$$00000032)
    __rt_lib_init_exceptions_1               0x08000227   Thumb Code     0  libinit2.o(.ARM.Collect$$libinit$$00000030)
    __rt_lib_init_fp_trap_1                  0x08000227   Thumb Code     0  libinit2.o(.ARM.Collect$$libinit$$0000001F)
    __rt_lib_init_getenv_1                   0x08000227   Thumb Code     0  libinit2.o(.ARM.Collect$$libinit$$00000023)
    __rt_lib_init_heap_1                     0x08000227   Thumb Code     0  libinit2.o(.ARM.Collect$$libinit$$0000000A)
    __rt_lib_init_lc_collate_1               0x08000227   Thumb Code     0  libinit2.o(.ARM.Collect$$libinit$$00000011)
    __rt_lib_init_lc_ctype_1                 0x08000227   Thumb Code     0  libinit2.o(.ARM.Collect$$libinit$$00000013)
    __rt_lib_init_lc_monetary_1              0x08000227   Thumb Code     0  libinit2.o(.ARM.Collect$$libinit$$00000015)
    __rt_lib_init_lc_numeric_1               0x08000227   Thumb Code     0  libinit2.o(.ARM.Collect$$libinit$$00000017)
    __rt_lib_init_lc_time_1                  0x08000227   Thumb Code     0  libinit2.o(.ARM.Collect$$libinit$$00000019)
    __rt_lib_init_preinit_1                  0x08000227   Thumb Code     0  libinit2.o(.ARM.Collect$$libinit$$00000004)
    __rt_lib_init_rand_1                     0x08000227   Thumb Code     0  libinit2.o(.ARM.Collect$$libinit$$0000000E)
    __rt_lib_init_return                     0x08000227   Thumb Code     0  libinit2.o(.ARM.Collect$$libinit$$00000033)
    __rt_lib_init_signal_1                   0x08000227   Thumb Code     0  libinit2.o(.ARM.Collect$$libinit$$0000001D)
    __rt_lib_init_stdio_1                    0x08000227   Thumb Code     0  libinit2.o(.ARM.Collect$$libinit$$00000025)
    __rt_lib_init_user_alloc_1               0x08000227   Thumb Code     0  libinit2.o(.ARM.Collect$$libinit$$0000000C)
    __rt_lib_shutdown                        0x08000229   Thumb Code     0  libshutdown.o(.ARM.Collect$$libshutdown$$00000000)
    __rt_lib_shutdown_cpp_1                  0x0800022b   Thumb Code     0  libshutdown2.o(.ARM.Collect$$libshutdown$$00000002)
    __rt_lib_shutdown_fp_trap_1              0x0800022b   Thumb Code     0  libshutdown2.o(.ARM.Collect$$libshutdown$$00000007)
    __rt_lib_shutdown_heap_1                 0x0800022b   Thumb Code     0  libshutdown2.o(.ARM.Collect$$libshutdown$$0000000F)
    __rt_lib_shutdown_return                 0x0800022b   Thumb Code     0  libshutdown2.o(.ARM.Collect$$libshutdown$$00000010)
    __rt_lib_shutdown_signal_1               0x0800022b   Thumb Code     0  libshutdown2.o(.ARM.Collect$$libshutdown$$0000000A)
    __rt_lib_shutdown_stdio_1                0x0800022b   Thumb Code     0  libshutdown2.o(.ARM.Collect$$libshutdown$$00000004)
    __rt_lib_shutdown_user_alloc_1           0x0800022b   Thumb Code     0  libshutdown2.o(.ARM.Collect$$libshutdown$$0000000C)
    __rt_entry                               0x0800022d   Thumb Code     0  __rtentry.o(.ARM.Collect$$rtentry$$00000000)
    __rt_entry_presh_1                       0x0800022d   Thumb Code     0  __rtentry2.o(.ARM.Collect$$rtentry$$00000002)
    __rt_entry_sh                            0x0800022d   Thumb Code     0  __rtentry4.o(.ARM.Collect$$rtentry$$00000004)
    __rt_entry_li                            0x08000233   Thumb Code     0  __rtentry2.o(.ARM.Collect$$rtentry$$0000000A)
    __rt_entry_postsh_1                      0x08000233   Thumb Code     0  __rtentry2.o(.ARM.Collect$$rtentry$$00000009)
    __rt_entry_main                          0x08000237   Thumb Code     0  __rtentry2.o(.ARM.Collect$$rtentry$$0000000D)
    __rt_entry_postli_1                      0x08000237   Thumb Code     0  __rtentry2.o(.ARM.Collect$$rtentry$$0000000C)
    __rt_exit                                0x0800023f   Thumb Code     0  rtexit.o(.ARM.Collect$$rtexit$$00000000)
    __rt_exit_ls                             0x08000241   Thumb Code     0  rtexit2.o(.ARM.Collect$$rtexit$$00000003)
    __rt_exit_prels_1                        0x08000241   Thumb Code     0  rtexit2.o(.ARM.Collect$$rtexit$$00000002)
    __rt_exit_exit                           0x08000245   Thumb Code     0  rtexit2.o(.ARM.Collect$$rtexit$$00000004)
    Reset_Handler                            0x0800024d   Thumb Code     8  startup_stm32f427xx.o(.text)
    ADC_IRQHandler                           0x08000267   Thumb Code     0  startup_stm32f427xx.o(.text)
    CAN1_RX1_IRQHandler                      0x08000267   Thumb Code     0  startup_stm32f427xx.o(.text)
    CAN1_SCE_IRQHandler                      0x08000267   Thumb Code     0  startup_stm32f427xx.o(.text)
    CAN1_TX_IRQHandler                       0x08000267   Thumb Code     0  startup_stm32f427xx.o(.text)
    CAN2_RX0_IRQHandler                      0x08000267   Thumb Code     0  startup_stm32f427xx.o(.text)
    CAN2_RX1_IRQHandler                      0x08000267   Thumb Code     0  startup_stm32f427xx.o(.text)
    CAN2_SCE_IRQHandler                      0x08000267   Thumb Code     0  startup_stm32f427xx.o(.text)
    CAN2_TX_IRQHandler                       0x08000267   Thumb Code     0  startup_stm32f427xx.o(.text)
    DCMI_IRQHandler                          0x08000267   Thumb Code     0  startup_stm32f427xx.o(.text)
    DMA1_Stream0_IRQHandler                  0x08000267   Thumb Code     0  startup_stm32f427xx.o(.text)
    DMA1_Stream1_IRQHandler                  0x08000267   Thumb Code     0  startup_stm32f427xx.o(.text)
    DMA1_Stream2_IRQHandler                  0x08000267   Thumb Code     0  startup_stm32f427xx.o(.text)
    DMA1_Stream3_IRQHandler                  0x08000267   Thumb Code     0  startup_stm32f427xx.o(.text)
    DMA1_Stream4_IRQHandler                  0x08000267   Thumb Code     0  startup_stm32f427xx.o(.text)
    DMA1_Stream5_IRQHandler                  0x08000267   Thumb Code     0  startup_stm32f427xx.o(.text)
    DMA1_Stream6_IRQHandler                  0x08000267   Thumb Code     0  startup_stm32f427xx.o(.text)
    DMA1_Stream7_IRQHandler                  0x08000267   Thumb Code     0  startup_stm32f427xx.o(.text)
    DMA2D_IRQHandler                         0x08000267   Thumb Code     0  startup_stm32f427xx.o(.text)
    DMA2_Stream0_IRQHandler                  0x08000267   Thumb Code     0  startup_stm32f427xx.o(.text)
    DMA2_Stream1_IRQHandler                  0x08000267   Thumb Code     0  startup_stm32f427xx.o(.text)
    DMA2_Stream4_IRQHandler                  0x08000267   Thumb Code     0  startup_stm32f427xx.o(.text)
    DMA2_Stream5_IRQHandler                  0x08000267   Thumb Code     0  startup_stm32f427xx.o(.text)
    DMA2_Stream6_IRQHandler                  0x08000267   Thumb Code     0  startup_stm32f427xx.o(.text)
    DMA2_Stream7_IRQHandler                  0x08000267   Thumb Code     0  startup_stm32f427xx.o(.text)
    ETH_IRQHandler                           0x08000267   Thumb Code     0  startup_stm32f427xx.o(.text)
    ETH_WKUP_IRQHandler                      0x08000267   Thumb Code     0  startup_stm32f427xx.o(.text)
    EXTI0_IRQHandler                         0x08000267   Thumb Code     0  startup_stm32f427xx.o(.text)
    EXTI15_10_IRQHandler                     0x08000267   Thumb Code     0  startup_stm32f427xx.o(.text)
    EXTI1_IRQHandler                         0x08000267   Thumb Code     0  startup_stm32f427xx.o(.text)
    EXTI2_IRQHandler                         0x08000267   Thumb Code     0  startup_stm32f427xx.o(.text)
    EXTI3_IRQHandler                         0x08000267   Thumb Code     0  startup_stm32f427xx.o(.text)
    EXTI4_IRQHandler                         0x08000267   Thumb Code     0  startup_stm32f427xx.o(.text)
    EXTI9_5_IRQHandler                       0x08000267   Thumb Code     0  startup_stm32f427xx.o(.text)
    FLASH_IRQHandler                         0x08000267   Thumb Code     0  startup_stm32f427xx.o(.text)
    FMC_IRQHandler                           0x08000267   Thumb Code     0  startup_stm32f427xx.o(.text)
    FPU_IRQHandler                           0x08000267   Thumb Code     0  startup_stm32f427xx.o(.text)
    HASH_RNG_IRQHandler                      0x08000267   Thumb Code     0  startup_stm32f427xx.o(.text)
    I2C1_ER_IRQHandler                       0x08000267   Thumb Code     0  startup_stm32f427xx.o(.text)
    I2C1_EV_IRQHandler                       0x08000267   Thumb Code     0  startup_stm32f427xx.o(.text)
    I2C2_ER_IRQHandler                       0x08000267   Thumb Code     0  startup_stm32f427xx.o(.text)
    I2C2_EV_IRQHandler                       0x08000267   Thumb Code     0  startup_stm32f427xx.o(.text)
    I2C3_ER_IRQHandler                       0x08000267   Thumb Code     0  startup_stm32f427xx.o(.text)
    I2C3_EV_IRQHandler                       0x08000267   Thumb Code     0  startup_stm32f427xx.o(.text)
    OTG_FS_IRQHandler                        0x08000267   Thumb Code     0  startup_stm32f427xx.o(.text)
    OTG_FS_WKUP_IRQHandler                   0x08000267   Thumb Code     0  startup_stm32f427xx.o(.text)
    OTG_HS_EP1_IN_IRQHandler                 0x08000267   Thumb Code     0  startup_stm32f427xx.o(.text)
    OTG_HS_EP1_OUT_IRQHandler                0x08000267   Thumb Code     0  startup_stm32f427xx.o(.text)
    OTG_HS_IRQHandler                        0x08000267   Thumb Code     0  startup_stm32f427xx.o(.text)
    OTG_HS_WKUP_IRQHandler                   0x08000267   Thumb Code     0  startup_stm32f427xx.o(.text)
    PVD_IRQHandler                           0x08000267   Thumb Code     0  startup_stm32f427xx.o(.text)
    RCC_IRQHandler                           0x08000267   Thumb Code     0  startup_stm32f427xx.o(.text)
    RTC_Alarm_IRQHandler                     0x08000267   Thumb Code     0  startup_stm32f427xx.o(.text)
    RTC_WKUP_IRQHandler                      0x08000267   Thumb Code     0  startup_stm32f427xx.o(.text)
    SAI1_IRQHandler                          0x08000267   Thumb Code     0  startup_stm32f427xx.o(.text)
    SDIO_IRQHandler                          0x08000267   Thumb Code     0  startup_stm32f427xx.o(.text)
    SPI1_IRQHandler                          0x08000267   Thumb Code     0  startup_stm32f427xx.o(.text)
    SPI2_IRQHandler                          0x08000267   Thumb Code     0  startup_stm32f427xx.o(.text)
    SPI3_IRQHandler                          0x08000267   Thumb Code     0  startup_stm32f427xx.o(.text)
    SPI4_IRQHandler                          0x08000267   Thumb Code     0  startup_stm32f427xx.o(.text)
    SPI6_IRQHandler                          0x08000267   Thumb Code     0  startup_stm32f427xx.o(.text)
    TAMP_STAMP_IRQHandler                    0x08000267   Thumb Code     0  startup_stm32f427xx.o(.text)
    TIM1_BRK_TIM9_IRQHandler                 0x08000267   Thumb Code     0  startup_stm32f427xx.o(.text)
    TIM1_CC_IRQHandler                       0x08000267   Thumb Code     0  startup_stm32f427xx.o(.text)
    TIM1_TRG_COM_TIM11_IRQHandler            0x08000267   Thumb Code     0  startup_stm32f427xx.o(.text)
    TIM1_UP_TIM10_IRQHandler                 0x08000267   Thumb Code     0  startup_stm32f427xx.o(.text)
    TIM3_IRQHandler                          0x08000267   Thumb Code     0  startup_stm32f427xx.o(.text)
    TIM4_IRQHandler                          0x08000267   Thumb Code     0  startup_stm32f427xx.o(.text)
    TIM5_IRQHandler                          0x08000267   Thumb Code     0  startup_stm32f427xx.o(.text)
    TIM6_DAC_IRQHandler                      0x08000267   Thumb Code     0  startup_stm32f427xx.o(.text)
    TIM7_IRQHandler                          0x08000267   Thumb Code     0  startup_stm32f427xx.o(.text)
    TIM8_BRK_TIM12_IRQHandler                0x08000267   Thumb Code     0  startup_stm32f427xx.o(.text)
    TIM8_CC_IRQHandler                       0x08000267   Thumb Code     0  startup_stm32f427xx.o(.text)
    TIM8_TRG_COM_TIM14_IRQHandler            0x08000267   Thumb Code     0  startup_stm32f427xx.o(.text)
    TIM8_UP_TIM13_IRQHandler                 0x08000267   Thumb Code     0  startup_stm32f427xx.o(.text)
    UART4_IRQHandler                         0x08000267   Thumb Code     0  startup_stm32f427xx.o(.text)
    UART5_IRQHandler                         0x08000267   Thumb Code     0  startup_stm32f427xx.o(.text)
    UART7_IRQHandler                         0x08000267   Thumb Code     0  startup_stm32f427xx.o(.text)
    UART8_IRQHandler                         0x08000267   Thumb Code     0  startup_stm32f427xx.o(.text)
    USART2_IRQHandler                        0x08000267   Thumb Code     0  startup_stm32f427xx.o(.text)
    USART3_IRQHandler                        0x08000267   Thumb Code     0  startup_stm32f427xx.o(.text)
    USART6_IRQHandler                        0x08000267   Thumb Code     0  startup_stm32f427xx.o(.text)
    WWDG_IRQHandler                          0x08000267   Thumb Code     0  startup_stm32f427xx.o(.text)
    __user_initial_stackheap                 0x08000269   Thumb Code     0  startup_stm32f427xx.o(.text)
    __aeabi_uldivmod                         0x0800028d   Thumb Code     0  lludivv7m.o(.text)
    _ll_udiv                                 0x0800028d   Thumb Code   238  lludivv7m.o(.text)
    __aeabi_memcpy4                          0x0800037b   Thumb Code     0  rt_memcpy_w.o(.text)
    __aeabi_memcpy8                          0x0800037b   Thumb Code     0  rt_memcpy_w.o(.text)
    __rt_memcpy_w                            0x0800037b   Thumb Code   100  rt_memcpy_w.o(.text)
    _memcpy_lastbytes_aligned                0x080003c3   Thumb Code     0  rt_memcpy_w.o(.text)
    __aeabi_memclr4                          0x080003df   Thumb Code     0  rt_memclr_w.o(.text)
    __aeabi_memclr8                          0x080003df   Thumb Code     0  rt_memclr_w.o(.text)
    __rt_memclr_w                            0x080003df   Thumb Code    78  rt_memclr_w.o(.text)
    _memset_w                                0x080003e3   Thumb Code     0  rt_memclr_w.o(.text)
    __use_two_region_memory                  0x0800042d   Thumb Code     2  heapauxi.o(.text)
    __rt_heap_escrow$2region                 0x0800042f   Thumb Code     2  heapauxi.o(.text)
    __rt_heap_expand$2region                 0x08000431   Thumb Code     2  heapauxi.o(.text)
    __read_errno                             0x08000433   Thumb Code    10  _rserrno.o(.text)
    __set_errno                              0x0800043d   Thumb Code    12  _rserrno.o(.text)
    __aeabi_errno_addr                       0x08000449   Thumb Code     8  rt_errno_addr_intlibspace.o(.text)
    __errno$intlibspace                      0x08000449   Thumb Code     0  rt_errno_addr_intlibspace.o(.text)
    __rt_errno_addr$intlibspace              0x08000449   Thumb Code     0  rt_errno_addr_intlibspace.o(.text)
    __user_libspace                          0x08000451   Thumb Code     8  libspace.o(.text)
    __user_perproc_libspace                  0x08000451   Thumb Code     0  libspace.o(.text)
    __user_perthread_libspace                0x08000451   Thumb Code     0  libspace.o(.text)
    __user_setup_stackheap                   0x08000459   Thumb Code    74  sys_stackheap_outer.o(.text)
    exit                                     0x080004a3   Thumb Code    18  exit.o(.text)
    _sys_exit                                0x080004b5   Thumb Code     8  sys_exit.o(.text)
    __I$use$semihosting                      0x080004c1   Thumb Code     0  use_no_semi.o(.text)
    __use_no_semihosting_swi                 0x080004c1   Thumb Code     2  use_no_semi.o(.text)
    BusFault_Handler                         0x080004c3   Thumb Code     2  stm32f4xx_it.o(i.BusFault_Handler)
    __semihosting_library_function           0x080004c3   Thumb Code     0  indicate_semi.o(.text)
    CAN1_RX0_IRQHandler                      0x080004c5   Thumb Code     6  stm32f4xx_it.o(i.CAN1_RX0_IRQHandler)
    DMA2_Stream2_IRQHandler                  0x080004d1   Thumb Code     6  stm32f4xx_it.o(i.DMA2_Stream2_IRQHandler)
    DMA2_Stream3_IRQHandler                  0x080004dd   Thumb Code     6  stm32f4xx_it.o(i.DMA2_Stream3_IRQHandler)
    DebugMon_Handler                         0x0800058d   Thumb Code     2  stm32f4xx_it.o(i.DebugMon_Handler)
    Error_Handler                            0x0800058f   Thumb Code     4  main.o(i.Error_Handler)
    Filter_one                               0x08000595   Thumb Code    38  imu_data_analysis.o(i.Filter_one)
    HAL_CAN_ActivateNotification             0x080005c1   Thumb Code    36  stm32f4xx_hal_can.o(i.HAL_CAN_ActivateNotification)
    HAL_CAN_AddTxMessage                     0x080005e5   Thumb Code   188  stm32f4xx_hal_can.o(i.HAL_CAN_AddTxMessage)
    HAL_CAN_ConfigFilter                     0x080006a1   Thumb Code   262  stm32f4xx_hal_can.o(i.HAL_CAN_ConfigFilter)
    HAL_CAN_ErrorCallback                    0x080007ad   Thumb Code     2  stm32f4xx_hal_can.o(i.HAL_CAN_ErrorCallback)
    HAL_CAN_GetRxMessage                     0x080007af   Thumb Code   244  stm32f4xx_hal_can.o(i.HAL_CAN_GetRxMessage)
    HAL_CAN_GetTxMailboxesFreeLevel          0x080008a3   Thumb Code    44  stm32f4xx_hal_can.o(i.HAL_CAN_GetTxMailboxesFreeLevel)
    HAL_CAN_IRQHandler                       0x080008cf   Thumb Code   508  stm32f4xx_hal_can.o(i.HAL_CAN_IRQHandler)
    HAL_CAN_Init                             0x08000acb   Thumb Code   282  stm32f4xx_hal_can.o(i.HAL_CAN_Init)
    HAL_CAN_MspInit                          0x08000be5   Thumb Code   106  stm32f4xx_hal_msp.o(i.HAL_CAN_MspInit)
    HAL_CAN_RxFifo0FullCallback              0x08000c5d   Thumb Code     2  stm32f4xx_hal_can.o(i.HAL_CAN_RxFifo0FullCallback)
    HAL_CAN_RxFifo0MsgPendingCallback        0x08000c5f   Thumb Code     4  connective.o(i.HAL_CAN_RxFifo0MsgPendingCallback)
    HAL_CAN_RxFifo1FullCallback              0x08000c63   Thumb Code     2  stm32f4xx_hal_can.o(i.HAL_CAN_RxFifo1FullCallback)
    HAL_CAN_RxFifo1MsgPendingCallback        0x08000c65   Thumb Code     2  stm32f4xx_hal_can.o(i.HAL_CAN_RxFifo1MsgPendingCallback)
    HAL_CAN_SleepCallback                    0x08000c67   Thumb Code     2  stm32f4xx_hal_can.o(i.HAL_CAN_SleepCallback)
    HAL_CAN_Start                            0x08000c69   Thumb Code    88  stm32f4xx_hal_can.o(i.HAL_CAN_Start)
    HAL_CAN_TxMailbox0AbortCallback          0x08000cc1   Thumb Code     2  stm32f4xx_hal_can.o(i.HAL_CAN_TxMailbox0AbortCallback)
    HAL_CAN_TxMailbox0CompleteCallback       0x08000cc3   Thumb Code     2  stm32f4xx_hal_can.o(i.HAL_CAN_TxMailbox0CompleteCallback)
    HAL_CAN_TxMailbox1AbortCallback          0x08000cc5   Thumb Code     2  stm32f4xx_hal_can.o(i.HAL_CAN_TxMailbox1AbortCallback)
    HAL_CAN_TxMailbox1CompleteCallback       0x08000cc7   Thumb Code     2  stm32f4xx_hal_can.o(i.HAL_CAN_TxMailbox1CompleteCallback)
    HAL_CAN_TxMailbox2AbortCallback          0x08000cc9   Thumb Code     2  stm32f4xx_hal_can.o(i.HAL_CAN_TxMailbox2AbortCallback)
    HAL_CAN_TxMailbox2CompleteCallback       0x08000ccb   Thumb Code     2  stm32f4xx_hal_can.o(i.HAL_CAN_TxMailbox2CompleteCallback)
    HAL_CAN_WakeUpFromRxMsgCallback          0x08000ccd   Thumb Code     2  stm32f4xx_hal_can.o(i.HAL_CAN_WakeUpFromRxMsgCallback)
    HAL_DMA_Abort                            0x08000ccf   Thumb Code   146  stm32f4xx_hal_dma.o(i.HAL_DMA_Abort)
    HAL_DMA_Abort_IT                         0x08000d61   Thumb Code    36  stm32f4xx_hal_dma.o(i.HAL_DMA_Abort_IT)
    HAL_DMA_IRQHandler                       0x08000d85   Thumb Code   412  stm32f4xx_hal_dma.o(i.HAL_DMA_IRQHandler)
    HAL_DMA_Init                             0x08000f25   Thumb Code   206  stm32f4xx_hal_dma.o(i.HAL_DMA_Init)
    HAL_DMA_Start_IT                         0x08000ff9   Thumb Code   110  stm32f4xx_hal_dma.o(i.HAL_DMA_Start_IT)
    HAL_Delay                                0x08001069   Thumb Code    32  stm32f4xx_hal.o(i.HAL_Delay)
    HAL_GPIO_Init                            0x0800108d   Thumb Code   510  stm32f4xx_hal_gpio.o(i.HAL_GPIO_Init)
    HAL_GPIO_WritePin                        0x080012c1   Thumb Code    10  stm32f4xx_hal_gpio.o(i.HAL_GPIO_WritePin)
    HAL_GetTick                              0x080012cd   Thumb Code     6  stm32f4xx_hal.o(i.HAL_GetTick)
    HAL_IncTick                              0x080012d9   Thumb Code    12  stm32f4xx_hal.o(i.HAL_IncTick)
    HAL_Init                                 0x080012e9   Thumb Code    48  stm32f4xx_hal.o(i.HAL_Init)
    HAL_InitTick                             0x0800131d   Thumb Code    54  stm32f4xx_hal.o(i.HAL_InitTick)
    HAL_MspInit                              0x0800135d   Thumb Code    42  stm32f4xx_hal_msp.o(i.HAL_MspInit)
    HAL_NVIC_EnableIRQ                       0x0800138d   Thumb Code    26  stm32f4xx_hal_cortex.o(i.HAL_NVIC_EnableIRQ)
    HAL_NVIC_SetPriority                     0x080013a9   Thumb Code    60  stm32f4xx_hal_cortex.o(i.HAL_NVIC_SetPriority)
    HAL_NVIC_SetPriorityGrouping             0x080013e9   Thumb Code    26  stm32f4xx_hal_cortex.o(i.HAL_NVIC_SetPriorityGrouping)
    HAL_RCC_ClockConfig                      0x0800140d   Thumb Code   288  stm32f4xx_hal_rcc.o(i.HAL_RCC_ClockConfig)
    HAL_RCC_GetPCLK1Freq                     0x08001541   Thumb Code    20  stm32f4xx_hal_rcc.o(i.HAL_RCC_GetPCLK1Freq)
    HAL_RCC_GetPCLK2Freq                     0x08001561   Thumb Code    20  stm32f4xx_hal_rcc.o(i.HAL_RCC_GetPCLK2Freq)
    HAL_RCC_GetSysClockFreq                  0x08001581   Thumb Code    88  stm32f4xx_hal_rcc.o(i.HAL_RCC_GetSysClockFreq)
    HAL_RCC_OscConfig                        0x080015e5   Thumb Code   856  stm32f4xx_hal_rcc.o(i.HAL_RCC_OscConfig)
    HAL_SPI_ErrorCallback                    0x08001951   Thumb Code     2  stm32f4xx_hal_spi.o(i.HAL_SPI_ErrorCallback)
    HAL_SPI_IRQHandler                       0x08001955   Thumb Code   246  stm32f4xx_hal_spi.o(i.HAL_SPI_IRQHandler)
    HAL_SPI_Init                             0x08001a51   Thumb Code   188  stm32f4xx_hal_spi.o(i.HAL_SPI_Init)
    HAL_SPI_MspInit                          0x08001b0d   Thumb Code   156  stm32f4xx_hal_msp.o(i.HAL_SPI_MspInit)
    HAL_SPI_TransmitReceive                  0x08001bbd   Thumb Code   496  stm32f4xx_hal_spi.o(i.HAL_SPI_TransmitReceive)
    HAL_SYSTICK_Config                       0x08001dad   Thumb Code    40  stm32f4xx_hal_cortex.o(i.HAL_SYSTICK_Config)
    HAL_TIMEx_BreakCallback                  0x08001dd5   Thumb Code     2  stm32f4xx_hal_tim_ex.o(i.HAL_TIMEx_BreakCallback)
    HAL_TIMEx_CommutCallback                 0x08001dd7   Thumb Code     2  stm32f4xx_hal_tim_ex.o(i.HAL_TIMEx_CommutCallback)
    HAL_TIMEx_MasterConfigSynchronization    0x08001dd9   Thumb Code   116  stm32f4xx_hal_tim_ex.o(i.HAL_TIMEx_MasterConfigSynchronization)
    HAL_TIM_Base_Init                        0x08001e69   Thumb Code    90  stm32f4xx_hal_tim.o(i.HAL_TIM_Base_Init)
    HAL_TIM_Base_MspInit                     0x08001ec5   Thumb Code    50  stm32f4xx_hal_msp.o(i.HAL_TIM_Base_MspInit)
    HAL_TIM_Base_Start_IT                    0x08001efd   Thumb Code   100  stm32f4xx_hal_tim.o(i.HAL_TIM_Base_Start_IT)
    HAL_TIM_ConfigClockSource                0x08001f7d   Thumb Code   220  stm32f4xx_hal_tim.o(i.HAL_TIM_ConfigClockSource)
    HAL_TIM_IC_CaptureCallback               0x08002059   Thumb Code     2  stm32f4xx_hal_tim.o(i.HAL_TIM_IC_CaptureCallback)
    HAL_TIM_IRQHandler                       0x0800205b   Thumb Code   304  stm32f4xx_hal_tim.o(i.HAL_TIM_IRQHandler)
    HAL_TIM_OC_DelayElapsedCallback          0x0800218b   Thumb Code     2  stm32f4xx_hal_tim.o(i.HAL_TIM_OC_DelayElapsedCallback)
    HAL_TIM_PWM_PulseFinishedCallback        0x0800218d   Thumb Code     2  stm32f4xx_hal_tim.o(i.HAL_TIM_PWM_PulseFinishedCallback)
    HAL_TIM_PeriodElapsedCallback            0x08002191   Thumb Code    90  timer.o(i.HAL_TIM_PeriodElapsedCallback)
    HAL_TIM_TriggerCallback                  0x08002205   Thumb Code     2  stm32f4xx_hal_tim.o(i.HAL_TIM_TriggerCallback)
    HAL_UARTEx_ReceiveToIdle_DMA             0x08002207   Thumb Code    78  stm32f4xx_hal_uart.o(i.HAL_UARTEx_ReceiveToIdle_DMA)
    HAL_UARTEx_RxEventCallback               0x08002255   Thumb Code   184  connective.o(i.HAL_UARTEx_RxEventCallback)
    HAL_UART_ErrorCallback                   0x08002335   Thumb Code     2  stm32f4xx_hal_uart.o(i.HAL_UART_ErrorCallback)
    HAL_UART_IRQHandler                      0x08002339   Thumb Code   618  stm32f4xx_hal_uart.o(i.HAL_UART_IRQHandler)
    HAL_UART_Init                            0x080025a9   Thumb Code   100  stm32f4xx_hal_uart.o(i.HAL_UART_Init)
    HAL_UART_MspInit                         0x0800260d   Thumb Code   154  stm32f4xx_hal_msp.o(i.HAL_UART_MspInit)
    HAL_UART_RxCpltCallback                  0x080026bd   Thumb Code     2  stm32f4xx_hal_uart.o(i.HAL_UART_RxCpltCallback)
    HAL_UART_RxHalfCpltCallback              0x080026bf   Thumb Code     2  stm32f4xx_hal_uart.o(i.HAL_UART_RxHalfCpltCallback)
    HAL_UART_TxCpltCallback                  0x080026c1   Thumb Code     2  stm32f4xx_hal_uart.o(i.HAL_UART_TxCpltCallback)
    HardFault_Handler                        0x080026c3   Thumb Code     2  stm32f4xx_it.o(i.HardFault_Handler)
    MemManage_Handler                        0x08002835   Thumb Code     2  stm32f4xx_it.o(i.MemManage_Handler)
    NMI_Handler                              0x08002837   Thumb Code     2  stm32f4xx_it.o(i.NMI_Handler)
    PID_General_Cal                          0x08002839   Thumb Code   256  pid.o(i.PID_General_Cal)
    PID_Init                                 0x0800293d   Thumb Code    24  pid.o(i.PID_Init)
    POSPID_General_Cal                       0x08002959   Thumb Code   296  pid.o(i.POSPID_General_Cal)
    PendSV_Handler                           0x08002a91   Thumb Code     2  stm32f4xx_it.o(i.PendSV_Handler)
    SPI5_IRQHandler                          0x08002a95   Thumb Code     6  stm32f4xx_it.o(i.SPI5_IRQHandler)
    SPI5_ReadWriteByte                       0x08002aa1   Thumb Code    28  imu_data_analysis.o(i.SPI5_ReadWriteByte)
    SVC_Handler                              0x08002bf5   Thumb Code     2  stm32f4xx_it.o(i.SVC_Handler)
    SysTick_Handler                          0x08002bf7   Thumb Code     4  stm32f4xx_it.o(i.SysTick_Handler)
    SystemClock_Config                       0x08002bfd   Thumb Code   140  main.o(i.SystemClock_Config)
    SystemInit                               0x08002c91   Thumb Code    12  system_stm32f4xx.o(i.SystemInit)
    TIM2_IRQHandler                          0x08002ca1   Thumb Code     6  stm32f4xx_it.o(i.TIM2_IRQHandler)
    TIM_Base_SetConfig                       0x08002cad   Thumb Code   170  stm32f4xx_hal_tim.o(i.TIM_Base_SetConfig)
    TIM_ETR_SetConfig                        0x08002d85   Thumb Code    20  stm32f4xx_hal_tim.o(i.TIM_ETR_SetConfig)
    UART_Start_Receive_DMA                   0x08003125   Thumb Code   130  stm32f4xx_hal_uart.o(i.UART_Start_Receive_DMA)
    USART1_IRQHandler                        0x080031b5   Thumb Code     6  stm32f4xx_it.o(i.USART1_IRQHandler)
    UsageFault_Handler                       0x080031c1   Thumb Code     2  stm32f4xx_it.o(i.UsageFault_Handler)
    __ARM_fpclassify                         0x080031c3   Thumb Code    48  fpclassify.o(i.__ARM_fpclassify)
    __ARM_fpclassifyf                        0x080031f3   Thumb Code    38  fpclassifyf.o(i.__ARM_fpclassifyf)
    __hardfp_asin                            0x08003239   Thumb Code   770  asin.o(i.__hardfp_asin)
    __hardfp_asinf                           0x08003599   Thumb Code   258  asinf.o(i.__hardfp_asinf)
    __hardfp_atan2f                          0x080036c5   Thumb Code   502  atan2f.o(i.__hardfp_atan2f)
    __hardfp_cos                             0x08003919   Thumb Code   180  cos.o(i.__hardfp_cos)
    __hardfp_sin                             0x080039e1   Thumb Code   180  sin.o(i.__hardfp_sin)
    __hardfp_sqrt                            0x08003aa9   Thumb Code   122  sqrt.o(i.__hardfp_sqrt)
    __ieee754_rem_pio2                       0x08003b29   Thumb Code   938  rred.o(i.__ieee754_rem_pio2)
    __kernel_cos                             0x08003f61   Thumb Code   322  cos_i.o(i.__kernel_cos)
    __kernel_poly                            0x080040d1   Thumb Code   248  poly.o(i.__kernel_poly)
    __kernel_sin                             0x080041c9   Thumb Code   280  sin_i.o(i.__kernel_sin)
    __mathlib_dbl_infnan                     0x080042f9   Thumb Code    20  dunder.o(i.__mathlib_dbl_infnan)
    __mathlib_dbl_invalid                    0x08004311   Thumb Code    24  dunder.o(i.__mathlib_dbl_invalid)
    __mathlib_dbl_underflow                  0x08004331   Thumb Code    24  dunder.o(i.__mathlib_dbl_underflow)
    __mathlib_flt_infnan                     0x08004351   Thumb Code     6  funder.o(i.__mathlib_flt_infnan)
    __mathlib_flt_infnan2                    0x08004357   Thumb Code     6  funder.o(i.__mathlib_flt_infnan2)
    __mathlib_flt_invalid                    0x0800435d   Thumb Code    10  funder.o(i.__mathlib_flt_invalid)
    __mathlib_flt_underflow                  0x0800436d   Thumb Code    10  funder.o(i.__mathlib_flt_underflow)
    fabs                                     0x0800437d   Thumb Code    24  fabs.o(i.fabs)
    get_dr16_data                            0x08004395   Thumb Code   116  rc.o(i.get_dr16_data)
    imuComputeRotationMatrix                 0x0800440d   Thumb Code   178  quaternion.o(i.imuComputeRotationMatrix)
    imuUpdate                                0x080044c9   Thumb Code   598  quaternion.o(i.imuUpdate)
    imu_attitude_update                      0x08004735   Thumb Code   144  imu_data_analysis.o(i.imu_attitude_update)
    main                                     0x08004801   Thumb Code   142  main.o(i.main)
    mes_receive                              0x080048a1   Thumb Code    90  mes.o(i.mes_receive)
    mpu_device_init                          0x08004905   Thumb Code   200  imu_data_analysis.o(i.mpu_device_init)
    mpu_get_data                             0x080049d9   Thumb Code   638  imu_data_analysis.o(i.mpu_get_data)
    mpu_offset_call                          0x08004c7d   Thumb Code   294  imu_data_analysis.o(i.mpu_offset_call)
    mpu_read_byte                            0x08004dbd   Thumb Code    52  imu_data_analysis.o(i.mpu_read_byte)
    mpu_read_bytes                           0x08004df9   Thumb Code    90  imu_data_analysis.o(i.mpu_read_bytes)
    mpu_write_byte                           0x08004e5d   Thumb Code    56  imu_data_analysis.o(i.mpu_write_byte)
    quaternion_init                          0x08004e9d   Thumb Code   242  quaternion.o(i.quaternion_init)
    rc_receive                               0x08004f95   Thumb Code     6  rc.o(i.rc_receive)
    set_current                              0x08004fa1   Thumb Code    94  mes.o(i.set_current)
    sqrt                                     0x08004fff   Thumb Code   110  sqrt.o(i.sqrt)
    sqrtf                                    0x0800506d   Thumb Code    62  sqrtf.o(i.sqrtf)
    system_init                              0x080050ad   Thumb Code   260  system.o(i.system_init)
    system_loop                              0x080051d5   Thumb Code  1456  system.o(i.system_loop)
    __aeabi_dneg                             0x0800579d   Thumb Code     0  basic.o(x$fpl$basic)
    _dneg                                    0x0800579d   Thumb Code     6  basic.o(x$fpl$basic)
    __aeabi_fneg                             0x080057a3   Thumb Code     0  basic.o(x$fpl$basic)
    _fneg                                    0x080057a3   Thumb Code     6  basic.o(x$fpl$basic)
    _dabs                                    0x080057a9   Thumb Code     6  basic.o(x$fpl$basic)
    _fabs                                    0x080057af   Thumb Code     6  basic.o(x$fpl$basic)
    __aeabi_d2f                              0x080057b5   Thumb Code     0  d2f.o(x$fpl$d2f)
    _d2f                                     0x080057b5   Thumb Code    98  d2f.o(x$fpl$d2f)
    __aeabi_dadd                             0x08005819   Thumb Code     0  daddsub_clz.o(x$fpl$dadd)
    _dadd                                    0x08005819   Thumb Code   332  daddsub_clz.o(x$fpl$dadd)
    __aeabi_ddiv                             0x08005969   Thumb Code     0  ddiv.o(x$fpl$ddiv)
    _ddiv                                    0x08005969   Thumb Code   552  ddiv.o(x$fpl$ddiv)
    __aeabi_d2iz                             0x08005c19   Thumb Code     0  dfix.o(x$fpl$dfix)
    _dfix                                    0x08005c19   Thumb Code    94  dfix.o(x$fpl$dfix)
    __aeabi_i2d                              0x08005c77   Thumb Code     0  dflt_clz.o(x$fpl$dflt)
    _dflt                                    0x08005c77   Thumb Code    46  dflt_clz.o(x$fpl$dflt)
    __aeabi_ui2d                             0x08005ca5   Thumb Code     0  dflt_clz.o(x$fpl$dfltu)
    _dfltu                                   0x08005ca5   Thumb Code    38  dflt_clz.o(x$fpl$dfltu)
    __aeabi_dmul                             0x08005ccd   Thumb Code     0  dmul.o(x$fpl$dmul)
    _dmul                                    0x08005ccd   Thumb Code   332  dmul.o(x$fpl$dmul)
    __fpl_dnaninf                            0x08005e21   Thumb Code   156  dnaninf.o(x$fpl$dnaninf)
    __fpl_dretinf                            0x08005ebd   Thumb Code    12  dretinf.o(x$fpl$dretinf)
    __aeabi_drsub                            0x08005ec9   Thumb Code     0  daddsub_clz.o(x$fpl$drsb)
    _drsb                                    0x08005ec9   Thumb Code    22  daddsub_clz.o(x$fpl$drsb)
    _dsqrt                                   0x08005ee1   Thumb Code   404  dsqrt_umaal.o(x$fpl$dsqrt)
    __aeabi_dsub                             0x08006079   Thumb Code     0  daddsub_clz.o(x$fpl$dsub)
    _dsub                                    0x08006079   Thumb Code   464  daddsub_clz.o(x$fpl$dsub)
    __aeabi_f2d                              0x0800624d   Thumb Code     0  f2d.o(x$fpl$f2d)
    _f2d                                     0x0800624d   Thumb Code    86  f2d.o(x$fpl$f2d)
    __fpl_fnaninf                            0x080062a3   Thumb Code   140  fnaninf.o(x$fpl$fnaninf)
    _fp_init                                 0x0800632f   Thumb Code    10  fpinit.o(x$fpl$fpinit)
    __fplib_config_fpu_vfp                   0x08006337   Thumb Code     0  fpinit.o(x$fpl$fpinit)
    __fplib_config_pureend_doubles           0x08006337   Thumb Code     0  fpinit.o(x$fpl$fpinit)
    __fpl_fretinf                            0x08006339   Thumb Code    10  fretinf.o(x$fpl$fretinf)
    __I$use$fp                               0x08006342   Number         0  usenofp.o(x$fpl$usenofp)
    AHBPrescTable                            0x08006360   Data          16  system_stm32f4xx.o(.constdata)
    APBPrescTable                            0x08006370   Data           8  system_stm32f4xx.o(.constdata)
    Region$$Table$$Base                      0x080064e8   Number         0  anon$$obj.o(Region$$Table)
    Region$$Table$$Limit                     0x08006508   Number         0  anon$$obj.o(Region$$Table)
    id                                       0x20000000   Data           1  imu_data_analysis.o(.data)
    Kp                                       0x20000008   Data           4  quaternion.o(.data)
    Ki                                       0x2000000c   Data           4  quaternion.o(.data)
    exInt                                    0x20000020   Data           4  quaternion.o(.data)
    eyInt                                    0x20000024   Data           4  quaternion.o(.data)
    ezInt                                    0x20000028   Data           4  quaternion.o(.data)
    eInit_max                                0x2000002c   Data           4  quaternion.o(.data)
    mode                                     0x20000030   Data           4  system.o(.data)
    vtx                                      0x20000034   Data           4  system.o(.data)
    vty                                      0x20000038   Data           4  system.o(.data)
    vtw                                      0x2000003c   Data           4  system.o(.data)
    tyaw                                     0x20000040   Data           4  system.o(.data)
    ifMode3                                  0x20000044   Data           4  system.o(.data)
    ifEnable                                 0x20000048   Data           4  system.o(.data)
    check                                    0x2000004c   Data           4  system.o(.data)
    ifFirstChange                            0x20000050   Data           4  system.o(.data)
    tKp                                      0x20000054   Data           4  system.o(.data)
    tKi                                      0x20000058   Data           4  system.o(.data)
    texInt                                   0x2000005c   Data           4  system.o(.data)
    teyInt                                   0x20000060   Data           4  system.o(.data)
    tezInt                                   0x20000064   Data           4  system.o(.data)
    v1                                       0x20000078   Data           4  system.o(.data)
    v2                                       0x2000007c   Data           4  system.o(.data)
    v3                                       0x20000080   Data           4  system.o(.data)
    v4                                       0x20000084   Data           4  system.o(.data)
    dyaw                                     0x20000088   Data           4  system.o(.data)
    ctar1                                    0x2000008c   Data           8  system.o(.data)
    RxData                                   0x20000094   Data           8  mes.o(.data)
    count1                                   0x2000009c   Data           4  main.o(.data)
    stopt                                    0x200000a0   Data           4  main.o(.data)
    i                                        0x200000a4   Data           4  timer.o(.data)
    p                                        0x200000a8   Data           4  timer.o(.data)
    uwTickFreq                               0x200000ac   Data           1  stm32f4xx_hal.o(.data)
    uwTickPrio                               0x200000b0   Data           4  stm32f4xx_hal.o(.data)
    uwTick                                   0x200000b4   Data           4  stm32f4xx_hal.o(.data)
    SystemCoreClock                          0x200000b8   Data           4  system_stm32f4xx.o(.data)
    rxBuffer1                                0x200000bc   Data          20  rc.o(.bss)
    rc                                       0x200000d0   Data          10  rc.o(.bss)
    rxBuffer2                                0x200000da   Data          20  rc.o(.bss)
    IMU                                      0x200000f0   Data          80  imu_data_analysis.o(.bss)
    mpu_data                                 0x20000140   Data          38  imu_data_analysis.o(.bss)
    atti1                                    0x2000018c   Data          12  system.o(.bss)
    pid1                                     0x20000198   Data          32  system.o(.bss)
    pid2                                     0x200001b8   Data          32  system.o(.bss)
    pid3                                     0x200001d8   Data          32  system.o(.bss)
    pid4                                     0x200001f8   Data          32  system.o(.bss)
    pos                                      0x20000218   Data          32  system.o(.bss)
    RxHeader                                 0x20000238   Data          28  mes.o(.bss)
    mes1                                     0x20000254   Data          12  mes.o(.bss)
    mes2                                     0x20000260   Data          12  mes.o(.bss)
    mes3                                     0x2000026c   Data          12  mes.o(.bss)
    mes4                                     0x20000278   Data          12  mes.o(.bss)
    hcan1                                    0x20000284   Data          40  main.o(.bss)
    hspi5                                    0x200002ac   Data          88  main.o(.bss)
    htim2                                    0x20000304   Data          72  main.o(.bss)
    huart1                                   0x2000034c   Data          72  main.o(.bss)
    hdma_spi5_rx                             0x20000394   Data          96  main.o(.bss)
    hdma_usart1_rx                           0x200003f4   Data          96  main.o(.bss)
    __libspace_start                         0x20000454   Data          96  libspace.o(.bss)
    __temporary_stack_top$libspace           0x200004b4   Data           0  libspace.o(.bss)



==============================================================================

Memory Map of the image

  Image Entry point : 0x080001ad

  Load Region LR_IROM1 (Base: 0x08000000, Size: 0x000065c4, Max: 0x00200000, ABSOLUTE)

    Execution Region ER_IROM1 (Exec base: 0x08000000, Load base: 0x08000000, Size: 0x00006508, Max: 0x00200000, ABSOLUTE)

    Exec Addr    Load Addr    Size         Type   Attr      Idx    E Section Name        Object

    0x08000000   0x08000000   0x000001ac   Data   RO            3    RESET               startup_stm32f427xx.o
    0x080001ac   0x080001ac   0x00000008   Code   RO         3993  * !!!main             c_w.l(__main.o)
    0x080001b4   0x080001b4   0x00000034   Code   RO         4377    !!!scatter          c_w.l(__scatter.o)
    0x080001e8   0x080001e8   0x0000001a   Code   RO         4379    !!handler_copy      c_w.l(__scatter_copy.o)
    0x08000202   0x08000202   0x00000002   PAD
    0x08000204   0x08000204   0x0000001c   Code   RO         4381    !!handler_zi        c_w.l(__scatter_zi.o)
    0x08000220   0x08000220   0x00000002   Code   RO         4250    .ARM.Collect$$libinit$$00000000  c_w.l(libinit.o)
    0x08000222   0x08000222   0x00000004   Code   RO         4259    .ARM.Collect$$libinit$$00000001  c_w.l(libinit2.o)
    0x08000226   0x08000226   0x00000000   Code   RO         4262    .ARM.Collect$$libinit$$00000004  c_w.l(libinit2.o)
    0x08000226   0x08000226   0x00000000   Code   RO         4265    .ARM.Collect$$libinit$$0000000A  c_w.l(libinit2.o)
    0x08000226   0x08000226   0x00000000   Code   RO         4267    .ARM.Collect$$libinit$$0000000C  c_w.l(libinit2.o)
    0x08000226   0x08000226   0x00000000   Code   RO         4269    .ARM.Collect$$libinit$$0000000E  c_w.l(libinit2.o)
    0x08000226   0x08000226   0x00000000   Code   RO         4272    .ARM.Collect$$libinit$$00000011  c_w.l(libinit2.o)
    0x08000226   0x08000226   0x00000000   Code   RO         4274    .ARM.Collect$$libinit$$00000013  c_w.l(libinit2.o)
    0x08000226   0x08000226   0x00000000   Code   RO         4276    .ARM.Collect$$libinit$$00000015  c_w.l(libinit2.o)
    0x08000226   0x08000226   0x00000000   Code   RO         4278    .ARM.Collect$$libinit$$00000017  c_w.l(libinit2.o)
    0x08000226   0x08000226   0x00000000   Code   RO         4280    .ARM.Collect$$libinit$$00000019  c_w.l(libinit2.o)
    0x08000226   0x08000226   0x00000000   Code   RO         4282    .ARM.Collect$$libinit$$0000001B  c_w.l(libinit2.o)
    0x08000226   0x08000226   0x00000000   Code   RO         4284    .ARM.Collect$$libinit$$0000001D  c_w.l(libinit2.o)
    0x08000226   0x08000226   0x00000000   Code   RO         4286    .ARM.Collect$$libinit$$0000001F  c_w.l(libinit2.o)
    0x08000226   0x08000226   0x00000000   Code   RO         4288    .ARM.Collect$$libinit$$00000021  c_w.l(libinit2.o)
    0x08000226   0x08000226   0x00000000   Code   RO         4290    .ARM.Collect$$libinit$$00000023  c_w.l(libinit2.o)
    0x08000226   0x08000226   0x00000000   Code   RO         4292    .ARM.Collect$$libinit$$00000025  c_w.l(libinit2.o)
    0x08000226   0x08000226   0x00000000   Code   RO         4296    .ARM.Collect$$libinit$$0000002C  c_w.l(libinit2.o)
    0x08000226   0x08000226   0x00000000   Code   RO         4298    .ARM.Collect$$libinit$$0000002E  c_w.l(libinit2.o)
    0x08000226   0x08000226   0x00000000   Code   RO         4300    .ARM.Collect$$libinit$$00000030  c_w.l(libinit2.o)
    0x08000226   0x08000226   0x00000000   Code   RO         4302    .ARM.Collect$$libinit$$00000032  c_w.l(libinit2.o)
    0x08000226   0x08000226   0x00000002   Code   RO         4303    .ARM.Collect$$libinit$$00000033  c_w.l(libinit2.o)
    0x08000228   0x08000228   0x00000002   Code   RO         4334    .ARM.Collect$$libshutdown$$00000000  c_w.l(libshutdown.o)
    0x0800022a   0x0800022a   0x00000000   Code   RO         4360    .ARM.Collect$$libshutdown$$00000002  c_w.l(libshutdown2.o)
    0x0800022a   0x0800022a   0x00000000   Code   RO         4362    .ARM.Collect$$libshutdown$$00000004  c_w.l(libshutdown2.o)
    0x0800022a   0x0800022a   0x00000000   Code   RO         4365    .ARM.Collect$$libshutdown$$00000007  c_w.l(libshutdown2.o)
    0x0800022a   0x0800022a   0x00000000   Code   RO         4368    .ARM.Collect$$libshutdown$$0000000A  c_w.l(libshutdown2.o)
    0x0800022a   0x0800022a   0x00000000   Code   RO         4370    .ARM.Collect$$libshutdown$$0000000C  c_w.l(libshutdown2.o)
    0x0800022a   0x0800022a   0x00000000   Code   RO         4373    .ARM.Collect$$libshutdown$$0000000F  c_w.l(libshutdown2.o)
    0x0800022a   0x0800022a   0x00000002   Code   RO         4374    .ARM.Collect$$libshutdown$$00000010  c_w.l(libshutdown2.o)
    0x0800022c   0x0800022c   0x00000000   Code   RO         4107    .ARM.Collect$$rtentry$$00000000  c_w.l(__rtentry.o)
    0x0800022c   0x0800022c   0x00000000   Code   RO         4211    .ARM.Collect$$rtentry$$00000002  c_w.l(__rtentry2.o)
    0x0800022c   0x0800022c   0x00000006   Code   RO         4223    .ARM.Collect$$rtentry$$00000004  c_w.l(__rtentry4.o)
    0x08000232   0x08000232   0x00000000   Code   RO         4213    .ARM.Collect$$rtentry$$00000009  c_w.l(__rtentry2.o)
    0x08000232   0x08000232   0x00000004   Code   RO         4214    .ARM.Collect$$rtentry$$0000000A  c_w.l(__rtentry2.o)
    0x08000236   0x08000236   0x00000000   Code   RO         4216    .ARM.Collect$$rtentry$$0000000C  c_w.l(__rtentry2.o)
    0x08000236   0x08000236   0x00000008   Code   RO         4217    .ARM.Collect$$rtentry$$0000000D  c_w.l(__rtentry2.o)
    0x0800023e   0x0800023e   0x00000002   Code   RO         4251    .ARM.Collect$$rtexit$$00000000  c_w.l(rtexit.o)
    0x08000240   0x08000240   0x00000000   Code   RO         4307    .ARM.Collect$$rtexit$$00000002  c_w.l(rtexit2.o)
    0x08000240   0x08000240   0x00000004   Code   RO         4308    .ARM.Collect$$rtexit$$00000003  c_w.l(rtexit2.o)
    0x08000244   0x08000244   0x00000006   Code   RO         4309    .ARM.Collect$$rtexit$$00000004  c_w.l(rtexit2.o)
    0x0800024a   0x0800024a   0x00000002   PAD
    0x0800024c   0x0800024c   0x00000040   Code   RO            4    .text               startup_stm32f427xx.o
    0x0800028c   0x0800028c   0x000000ee   Code   RO         3985    .text               c_w.l(lludivv7m.o)
    0x0800037a   0x0800037a   0x00000064   Code   RO         3987    .text               c_w.l(rt_memcpy_w.o)
    0x080003de   0x080003de   0x0000004e   Code   RO         3989    .text               c_w.l(rt_memclr_w.o)
    0x0800042c   0x0800042c   0x00000006   Code   RO         3991    .text               c_w.l(heapauxi.o)
    0x08000432   0x08000432   0x00000016   Code   RO         4112    .text               c_w.l(_rserrno.o)
    0x08000448   0x08000448   0x00000008   Code   RO         4230    .text               c_w.l(rt_errno_addr_intlibspace.o)
    0x08000450   0x08000450   0x00000008   Code   RO         4234    .text               c_w.l(libspace.o)
    0x08000458   0x08000458   0x0000004a   Code   RO         4237    .text               c_w.l(sys_stackheap_outer.o)
    0x080004a2   0x080004a2   0x00000012   Code   RO         4239    .text               c_w.l(exit.o)
    0x080004b4   0x080004b4   0x0000000c   Code   RO         4304    .text               c_w.l(sys_exit.o)
    0x080004c0   0x080004c0   0x00000002   Code   RO         4323    .text               c_w.l(use_no_semi.o)
    0x080004c2   0x080004c2   0x00000000   Code   RO         4325    .text               c_w.l(indicate_semi.o)
    0x080004c2   0x080004c2   0x00000002   Code   RO          584    i.BusFault_Handler  stm32f4xx_it.o
    0x080004c4   0x080004c4   0x0000000c   Code   RO          585    i.CAN1_RX0_IRQHandler  stm32f4xx_it.o
    0x080004d0   0x080004d0   0x0000000c   Code   RO          586    i.DMA2_Stream2_IRQHandler  stm32f4xx_it.o
    0x080004dc   0x080004dc   0x0000000c   Code   RO          587    i.DMA2_Stream3_IRQHandler  stm32f4xx_it.o
    0x080004e8   0x080004e8   0x00000028   Code   RO         1569    i.DMA_CalcBaseAndBitshift  stm32f4xx_hal_dma.o
    0x08000510   0x08000510   0x00000054   Code   RO         1570    i.DMA_CheckFifoParam  stm32f4xx_hal_dma.o
    0x08000564   0x08000564   0x00000028   Code   RO         1571    i.DMA_SetConfig     stm32f4xx_hal_dma.o
    0x0800058c   0x0800058c   0x00000002   Code   RO          588    i.DebugMon_Handler  stm32f4xx_it.o
    0x0800058e   0x0800058e   0x00000004   Code   RO          518    i.Error_Handler     main.o
    0x08000592   0x08000592   0x00000002   PAD
    0x08000594   0x08000594   0x0000002c   Code   RO          164    i.Filter_one        imu_data_analysis.o
    0x080005c0   0x080005c0   0x00000024   Code   RO          825    i.HAL_CAN_ActivateNotification  stm32f4xx_hal_can.o
    0x080005e4   0x080005e4   0x000000bc   Code   RO          826    i.HAL_CAN_AddTxMessage  stm32f4xx_hal_can.o
    0x080006a0   0x080006a0   0x0000010c   Code   RO          827    i.HAL_CAN_ConfigFilter  stm32f4xx_hal_can.o
    0x080007ac   0x080007ac   0x00000002   Code   RO          830    i.HAL_CAN_ErrorCallback  stm32f4xx_hal_can.o
    0x080007ae   0x080007ae   0x000000f4   Code   RO          833    i.HAL_CAN_GetRxMessage  stm32f4xx_hal_can.o
    0x080008a2   0x080008a2   0x0000002c   Code   RO          835    i.HAL_CAN_GetTxMailboxesFreeLevel  stm32f4xx_hal_can.o
    0x080008ce   0x080008ce   0x000001fc   Code   RO          837    i.HAL_CAN_IRQHandler  stm32f4xx_hal_can.o
    0x08000aca   0x08000aca   0x0000011a   Code   RO          838    i.HAL_CAN_Init      stm32f4xx_hal_can.o
    0x08000be4   0x08000be4   0x00000078   Code   RO          696    i.HAL_CAN_MspInit   stm32f4xx_hal_msp.o
    0x08000c5c   0x08000c5c   0x00000002   Code   RO          845    i.HAL_CAN_RxFifo0FullCallback  stm32f4xx_hal_can.o
    0x08000c5e   0x08000c5e   0x00000004   Code   RO          794    i.HAL_CAN_RxFifo0MsgPendingCallback  connective.o
    0x08000c62   0x08000c62   0x00000002   Code   RO          847    i.HAL_CAN_RxFifo1FullCallback  stm32f4xx_hal_can.o
    0x08000c64   0x08000c64   0x00000002   Code   RO          848    i.HAL_CAN_RxFifo1MsgPendingCallback  stm32f4xx_hal_can.o
    0x08000c66   0x08000c66   0x00000002   Code   RO          849    i.HAL_CAN_SleepCallback  stm32f4xx_hal_can.o
    0x08000c68   0x08000c68   0x00000058   Code   RO          850    i.HAL_CAN_Start     stm32f4xx_hal_can.o
    0x08000cc0   0x08000cc0   0x00000002   Code   RO          852    i.HAL_CAN_TxMailbox0AbortCallback  stm32f4xx_hal_can.o
    0x08000cc2   0x08000cc2   0x00000002   Code   RO          853    i.HAL_CAN_TxMailbox0CompleteCallback  stm32f4xx_hal_can.o
    0x08000cc4   0x08000cc4   0x00000002   Code   RO          854    i.HAL_CAN_TxMailbox1AbortCallback  stm32f4xx_hal_can.o
    0x08000cc6   0x08000cc6   0x00000002   Code   RO          855    i.HAL_CAN_TxMailbox1CompleteCallback  stm32f4xx_hal_can.o
    0x08000cc8   0x08000cc8   0x00000002   Code   RO          856    i.HAL_CAN_TxMailbox2AbortCallback  stm32f4xx_hal_can.o
    0x08000cca   0x08000cca   0x00000002   Code   RO          857    i.HAL_CAN_TxMailbox2CompleteCallback  stm32f4xx_hal_can.o
    0x08000ccc   0x08000ccc   0x00000002   Code   RO          859    i.HAL_CAN_WakeUpFromRxMsgCallback  stm32f4xx_hal_can.o
    0x08000cce   0x08000cce   0x00000092   Code   RO         1572    i.HAL_DMA_Abort     stm32f4xx_hal_dma.o
    0x08000d60   0x08000d60   0x00000024   Code   RO         1573    i.HAL_DMA_Abort_IT  stm32f4xx_hal_dma.o
    0x08000d84   0x08000d84   0x000001a0   Code   RO         1577    i.HAL_DMA_IRQHandler  stm32f4xx_hal_dma.o
    0x08000f24   0x08000f24   0x000000d4   Code   RO         1578    i.HAL_DMA_Init      stm32f4xx_hal_dma.o
    0x08000ff8   0x08000ff8   0x0000006e   Code   RO         1582    i.HAL_DMA_Start_IT  stm32f4xx_hal_dma.o
    0x08001066   0x08001066   0x00000002   PAD
    0x08001068   0x08001068   0x00000024   Code   RO         2027    i.HAL_Delay         stm32f4xx_hal.o
    0x0800108c   0x0800108c   0x00000234   Code   RO         1465    i.HAL_GPIO_Init     stm32f4xx_hal_gpio.o
    0x080012c0   0x080012c0   0x0000000a   Code   RO         1469    i.HAL_GPIO_WritePin  stm32f4xx_hal_gpio.o
    0x080012ca   0x080012ca   0x00000002   PAD
    0x080012cc   0x080012cc   0x0000000c   Code   RO         2035    i.HAL_GetTick       stm32f4xx_hal.o
    0x080012d8   0x080012d8   0x00000010   Code   RO         2041    i.HAL_IncTick       stm32f4xx_hal.o
    0x080012e8   0x080012e8   0x00000034   Code   RO         2042    i.HAL_Init          stm32f4xx_hal.o
    0x0800131c   0x0800131c   0x00000040   Code   RO         2043    i.HAL_InitTick      stm32f4xx_hal.o
    0x0800135c   0x0800135c   0x00000030   Code   RO          697    i.HAL_MspInit       stm32f4xx_hal_msp.o
    0x0800138c   0x0800138c   0x0000001a   Code   RO         1875    i.HAL_NVIC_EnableIRQ  stm32f4xx_hal_cortex.o
    0x080013a6   0x080013a6   0x00000002   PAD
    0x080013a8   0x080013a8   0x00000040   Code   RO         1881    i.HAL_NVIC_SetPriority  stm32f4xx_hal_cortex.o
    0x080013e8   0x080013e8   0x00000024   Code   RO         1882    i.HAL_NVIC_SetPriorityGrouping  stm32f4xx_hal_cortex.o
    0x0800140c   0x0800140c   0x00000134   Code   RO         1059    i.HAL_RCC_ClockConfig  stm32f4xx_hal_rcc.o
    0x08001540   0x08001540   0x00000020   Code   RO         1066    i.HAL_RCC_GetPCLK1Freq  stm32f4xx_hal_rcc.o
    0x08001560   0x08001560   0x00000020   Code   RO         1067    i.HAL_RCC_GetPCLK2Freq  stm32f4xx_hal_rcc.o
    0x08001580   0x08001580   0x00000064   Code   RO         1068    i.HAL_RCC_GetSysClockFreq  stm32f4xx_hal_rcc.o
    0x080015e4   0x080015e4   0x0000036c   Code   RO         1071    i.HAL_RCC_OscConfig  stm32f4xx_hal_rcc.o
    0x08001950   0x08001950   0x00000002   Code   RO         2297    i.HAL_SPI_ErrorCallback  stm32f4xx_hal_spi.o
    0x08001952   0x08001952   0x00000002   PAD
    0x08001954   0x08001954   0x000000fc   Code   RO         2300    i.HAL_SPI_IRQHandler  stm32f4xx_hal_spi.o
    0x08001a50   0x08001a50   0x000000bc   Code   RO         2301    i.HAL_SPI_Init      stm32f4xx_hal_spi.o
    0x08001b0c   0x08001b0c   0x000000b0   Code   RO          699    i.HAL_SPI_MspInit   stm32f4xx_hal_msp.o
    0x08001bbc   0x08001bbc   0x000001f0   Code   RO         2310    i.HAL_SPI_TransmitReceive  stm32f4xx_hal_spi.o
    0x08001dac   0x08001dac   0x00000028   Code   RO         1886    i.HAL_SYSTICK_Config  stm32f4xx_hal_cortex.o
    0x08001dd4   0x08001dd4   0x00000002   Code   RO         3318    i.HAL_TIMEx_BreakCallback  stm32f4xx_hal_tim_ex.o
    0x08001dd6   0x08001dd6   0x00000002   Code   RO         3319    i.HAL_TIMEx_CommutCallback  stm32f4xx_hal_tim_ex.o
    0x08001dd8   0x08001dd8   0x00000090   Code   RO         3337    i.HAL_TIMEx_MasterConfigSynchronization  stm32f4xx_hal_tim_ex.o
    0x08001e68   0x08001e68   0x0000005a   Code   RO         2614    i.HAL_TIM_Base_Init  stm32f4xx_hal_tim.o
    0x08001ec2   0x08001ec2   0x00000002   PAD
    0x08001ec4   0x08001ec4   0x00000038   Code   RO          701    i.HAL_TIM_Base_MspInit  stm32f4xx_hal_msp.o
    0x08001efc   0x08001efc   0x00000080   Code   RO         2619    i.HAL_TIM_Base_Start_IT  stm32f4xx_hal_tim.o
    0x08001f7c   0x08001f7c   0x000000dc   Code   RO         2623    i.HAL_TIM_ConfigClockSource  stm32f4xx_hal_tim.o
    0x08002058   0x08002058   0x00000002   Code   RO         2648    i.HAL_TIM_IC_CaptureCallback  stm32f4xx_hal_tim.o
    0x0800205a   0x0800205a   0x00000130   Code   RO         2662    i.HAL_TIM_IRQHandler  stm32f4xx_hal_tim.o
    0x0800218a   0x0800218a   0x00000002   Code   RO         2665    i.HAL_TIM_OC_DelayElapsedCallback  stm32f4xx_hal_tim.o
    0x0800218c   0x0800218c   0x00000002   Code   RO         2692    i.HAL_TIM_PWM_PulseFinishedCallback  stm32f4xx_hal_tim.o
    0x0800218e   0x0800218e   0x00000002   PAD
    0x08002190   0x08002190   0x00000074   Code   RO          767    i.HAL_TIM_PeriodElapsedCallback  timer.o
    0x08002204   0x08002204   0x00000002   Code   RO         2705    i.HAL_TIM_TriggerCallback  stm32f4xx_hal_tim.o
    0x08002206   0x08002206   0x0000004e   Code   RO         3595    i.HAL_UARTEx_ReceiveToIdle_DMA  stm32f4xx_hal_uart.o
    0x08002254   0x08002254   0x000000e0   Code   RO          795    i.HAL_UARTEx_RxEventCallback  connective.o
    0x08002334   0x08002334   0x00000002   Code   RO         3611    i.HAL_UART_ErrorCallback  stm32f4xx_hal_uart.o
    0x08002336   0x08002336   0x00000002   PAD
    0x08002338   0x08002338   0x00000270   Code   RO         3614    i.HAL_UART_IRQHandler  stm32f4xx_hal_uart.o
    0x080025a8   0x080025a8   0x00000064   Code   RO         3615    i.HAL_UART_Init     stm32f4xx_hal_uart.o
    0x0800260c   0x0800260c   0x000000b0   Code   RO          703    i.HAL_UART_MspInit  stm32f4xx_hal_msp.o
    0x080026bc   0x080026bc   0x00000002   Code   RO         3621    i.HAL_UART_RxCpltCallback  stm32f4xx_hal_uart.o
    0x080026be   0x080026be   0x00000002   Code   RO         3622    i.HAL_UART_RxHalfCpltCallback  stm32f4xx_hal_uart.o
    0x080026c0   0x080026c0   0x00000002   Code   RO         3626    i.HAL_UART_TxCpltCallback  stm32f4xx_hal_uart.o
    0x080026c2   0x080026c2   0x00000002   Code   RO          589    i.HardFault_Handler  stm32f4xx_it.o
    0x080026c4   0x080026c4   0x0000003c   Code   RO          519    i.MX_CAN1_Init      main.o
    0x08002700   0x08002700   0x0000008c   Code   RO          520    i.MX_GPIO_Init      main.o
    0x0800278c   0x0800278c   0x00000044   Code   RO          521    i.MX_SPI5_Init      main.o
    0x080027d0   0x080027d0   0x00000064   Code   RO          522    i.MX_TIM2_Init      main.o
    0x08002834   0x08002834   0x00000002   Code   RO          590    i.MemManage_Handler  stm32f4xx_it.o
    0x08002836   0x08002836   0x00000002   Code   RO          591    i.NMI_Handler       stm32f4xx_it.o
    0x08002838   0x08002838   0x00000104   Code   RO          361    i.PID_General_Cal   pid.o
    0x0800293c   0x0800293c   0x0000001c   Code   RO          362    i.PID_Init          pid.o
    0x08002958   0x08002958   0x00000138   Code   RO          363    i.POSPID_General_Cal  pid.o
    0x08002a90   0x08002a90   0x00000002   Code   RO          592    i.PendSV_Handler    stm32f4xx_it.o
    0x08002a92   0x08002a92   0x00000002   PAD
    0x08002a94   0x08002a94   0x0000000c   Code   RO          593    i.SPI5_IRQHandler   stm32f4xx_it.o
    0x08002aa0   0x08002aa0   0x00000020   Code   RO          165    i.SPI5_ReadWriteByte  imu_data_analysis.o
    0x08002ac0   0x08002ac0   0x00000010   Code   RO         2328    i.SPI_DMAAbortOnError  stm32f4xx_hal_spi.o
    0x08002ad0   0x08002ad0   0x0000006c   Code   RO         2339    i.SPI_EndRxTxTransaction  stm32f4xx_hal_spi.o
    0x08002b3c   0x08002b3c   0x000000b8   Code   RO         2344    i.SPI_WaitFlagStateUntilTimeout  stm32f4xx_hal_spi.o
    0x08002bf4   0x08002bf4   0x00000002   Code   RO          594    i.SVC_Handler       stm32f4xx_it.o
    0x08002bf6   0x08002bf6   0x00000004   Code   RO          595    i.SysTick_Handler   stm32f4xx_it.o
    0x08002bfa   0x08002bfa   0x00000002   PAD
    0x08002bfc   0x08002bfc   0x00000094   Code   RO          523    i.SystemClock_Config  main.o
    0x08002c90   0x08002c90   0x00000010   Code   RO         3949    i.SystemInit        system_stm32f4xx.o
    0x08002ca0   0x08002ca0   0x0000000c   Code   RO          596    i.TIM2_IRQHandler   stm32f4xx_it.o
    0x08002cac   0x08002cac   0x000000d8   Code   RO         2707    i.TIM_Base_SetConfig  stm32f4xx_hal_tim.o
    0x08002d84   0x08002d84   0x00000014   Code   RO         2718    i.TIM_ETR_SetConfig  stm32f4xx_hal_tim.o
    0x08002d98   0x08002d98   0x00000010   Code   RO         2719    i.TIM_ITRx_SetConfig  stm32f4xx_hal_tim.o
    0x08002da8   0x08002da8   0x00000022   Code   RO         2725    i.TIM_TI1_ConfigInputStage  stm32f4xx_hal_tim.o
    0x08002dca   0x08002dca   0x00000024   Code   RO         2727    i.TIM_TI2_ConfigInputStage  stm32f4xx_hal_tim.o
    0x08002dee   0x08002dee   0x00000010   Code   RO         3628    i.UART_DMAAbortOnError  stm32f4xx_hal_uart.o
    0x08002dfe   0x08002dfe   0x0000004a   Code   RO         3629    i.UART_DMAError     stm32f4xx_hal_uart.o
    0x08002e48   0x08002e48   0x00000086   Code   RO         3630    i.UART_DMAReceiveCplt  stm32f4xx_hal_uart.o
    0x08002ece   0x08002ece   0x0000001e   Code   RO         3632    i.UART_DMARxHalfCplt  stm32f4xx_hal_uart.o
    0x08002eec   0x08002eec   0x0000004e   Code   RO         3638    i.UART_EndRxTransfer  stm32f4xx_hal_uart.o
    0x08002f3a   0x08002f3a   0x0000001c   Code   RO         3639    i.UART_EndTxTransfer  stm32f4xx_hal_uart.o
    0x08002f56   0x08002f56   0x000000c2   Code   RO         3640    i.UART_Receive_IT   stm32f4xx_hal_uart.o
    0x08003018   0x08003018   0x0000010c   Code   RO         3641    i.UART_SetConfig    stm32f4xx_hal_uart.o
    0x08003124   0x08003124   0x00000090   Code   RO         3642    i.UART_Start_Receive_DMA  stm32f4xx_hal_uart.o
    0x080031b4   0x080031b4   0x0000000c   Code   RO          597    i.USART1_IRQHandler  stm32f4xx_it.o
    0x080031c0   0x080031c0   0x00000002   Code   RO          598    i.UsageFault_Handler  stm32f4xx_it.o
    0x080031c2   0x080031c2   0x00000030   Code   RO         4166    i.__ARM_fpclassify  m_wm.l(fpclassify.o)
    0x080031f2   0x080031f2   0x00000026   Code   RO         4168    i.__ARM_fpclassifyf  m_wm.l(fpclassifyf.o)
    0x08003218   0x08003218   0x00000020   Code   RO         1888    i.__NVIC_SetPriority  stm32f4xx_hal_cortex.o
    0x08003238   0x08003238   0x00000360   Code   RO         4021    i.__hardfp_asin     m_wm.l(asin.o)
    0x08003598   0x08003598   0x0000012c   Code   RO         4035    i.__hardfp_asinf    m_wm.l(asinf.o)
    0x080036c4   0x080036c4   0x00000250   Code   RO         4059    i.__hardfp_atan2f   m_wm.l(atan2f.o)
    0x08003914   0x08003914   0x00000004   PAD
    0x08003918   0x08003918   0x000000c8   Code   RO         4071    i.__hardfp_cos      m_wm.l(cos.o)
    0x080039e0   0x080039e0   0x000000c8   Code   RO         4083    i.__hardfp_sin      m_wm.l(sin.o)
    0x08003aa8   0x08003aa8   0x0000007a   Code   RO         4095    i.__hardfp_sqrt     m_wm.l(sqrt.o)
    0x08003b22   0x08003b22   0x00000006   PAD
    0x08003b28   0x08003b28   0x00000438   Code   RO         4187    i.__ieee754_rem_pio2  m_wm.l(rred.o)
    0x08003f60   0x08003f60   0x00000170   Code   RO         4143    i.__kernel_cos      m_wm.l(cos_i.o)
    0x080040d0   0x080040d0   0x000000f8   Code   RO         4184    i.__kernel_poly     m_wm.l(poly.o)
    0x080041c8   0x080041c8   0x00000130   Code   RO         4192    i.__kernel_sin      m_wm.l(sin_i.o)
    0x080042f8   0x080042f8   0x00000014   Code   RO         4147    i.__mathlib_dbl_infnan  m_wm.l(dunder.o)
    0x0800430c   0x0800430c   0x00000004   PAD
    0x08004310   0x08004310   0x00000020   Code   RO         4149    i.__mathlib_dbl_invalid  m_wm.l(dunder.o)
    0x08004330   0x08004330   0x00000020   Code   RO         4152    i.__mathlib_dbl_underflow  m_wm.l(dunder.o)
    0x08004350   0x08004350   0x00000006   Code   RO         4171    i.__mathlib_flt_infnan  m_wm.l(funder.o)
    0x08004356   0x08004356   0x00000006   Code   RO         4172    i.__mathlib_flt_infnan2  m_wm.l(funder.o)
    0x0800435c   0x0800435c   0x00000010   Code   RO         4173    i.__mathlib_flt_invalid  m_wm.l(funder.o)
    0x0800436c   0x0800436c   0x00000010   Code   RO         4176    i.__mathlib_flt_underflow  m_wm.l(funder.o)
    0x0800437c   0x0800437c   0x00000018   Code   RO         4162    i.fabs              m_wm.l(fabs.o)
    0x08004394   0x08004394   0x00000078   Code   RO           13    i.get_dr16_data     rc.o
    0x0800440c   0x0800440c   0x000000bc   Code   RO          284    i.imuComputeRotationMatrix  quaternion.o
    0x080044c8   0x080044c8   0x0000026c   Code   RO          285    i.imuUpdate         quaternion.o
    0x08004734   0x08004734   0x000000a0   Code   RO          166    i.imu_attitude_update  imu_data_analysis.o
    0x080047d4   0x080047d4   0x0000002c   Code   RO          286    i.invSqrt           quaternion.o
    0x08004800   0x08004800   0x000000a0   Code   RO          524    i.main              main.o
    0x080048a0   0x080048a0   0x00000064   Code   RO          459    i.mes_receive       mes.o
    0x08004904   0x08004904   0x000000d4   Code   RO          167    i.mpu_device_init   imu_data_analysis.o
    0x080049d8   0x080049d8   0x000002a4   Code   RO          168    i.mpu_get_data      imu_data_analysis.o
    0x08004c7c   0x08004c7c   0x00000140   Code   RO          169    i.mpu_offset_call   imu_data_analysis.o
    0x08004dbc   0x08004dbc   0x0000003c   Code   RO          170    i.mpu_read_byte     imu_data_analysis.o
    0x08004df8   0x08004df8   0x00000064   Code   RO          171    i.mpu_read_bytes    imu_data_analysis.o
    0x08004e5c   0x08004e5c   0x00000040   Code   RO          174    i.mpu_write_byte    imu_data_analysis.o
    0x08004e9c   0x08004e9c   0x000000f8   Code   RO          287    i.quaternion_init   quaternion.o
    0x08004f94   0x08004f94   0x0000000c   Code   RO           15    i.rc_receive        rc.o
    0x08004fa0   0x08004fa0   0x0000005e   Code   RO          460    i.set_current       mes.o
    0x08004ffe   0x08004ffe   0x0000006e   Code   RO         4097    i.sqrt              m_wm.l(sqrt.o)
    0x0800506c   0x0800506c   0x0000003e   Code   RO         4200    i.sqrtf             m_wm.l(sqrtf.o)
    0x080050aa   0x080050aa   0x00000002   PAD
    0x080050ac   0x080050ac   0x00000128   Code   RO          394    i.system_init       system.o
    0x080051d4   0x080051d4   0x000005c8   Code   RO          395    i.system_loop       system.o
    0x0800579c   0x0800579c   0x00000018   Code   RO         4114    x$fpl$basic         fz_wm.l(basic.o)
    0x080057b4   0x080057b4   0x00000062   Code   RO         3995    x$fpl$d2f           fz_wm.l(d2f.o)
    0x08005816   0x08005816   0x00000002   PAD
    0x08005818   0x08005818   0x00000150   Code   RO         3997    x$fpl$dadd          fz_wm.l(daddsub_clz.o)
    0x08005968   0x08005968   0x000002b0   Code   RO         4004    x$fpl$ddiv          fz_wm.l(ddiv.o)
    0x08005c18   0x08005c18   0x0000005e   Code   RO         4007    x$fpl$dfix          fz_wm.l(dfix.o)
    0x08005c76   0x08005c76   0x0000002e   Code   RO         4012    x$fpl$dflt          fz_wm.l(dflt_clz.o)
    0x08005ca4   0x08005ca4   0x00000026   Code   RO         4011    x$fpl$dfltu         fz_wm.l(dflt_clz.o)
    0x08005cca   0x08005cca   0x00000002   PAD
    0x08005ccc   0x08005ccc   0x00000154   Code   RO         4017    x$fpl$dmul          fz_wm.l(dmul.o)
    0x08005e20   0x08005e20   0x0000009c   Code   RO         4118    x$fpl$dnaninf       fz_wm.l(dnaninf.o)
    0x08005ebc   0x08005ebc   0x0000000c   Code   RO         4120    x$fpl$dretinf       fz_wm.l(dretinf.o)
    0x08005ec8   0x08005ec8   0x00000016   Code   RO         3998    x$fpl$drsb          fz_wm.l(daddsub_clz.o)
    0x08005ede   0x08005ede   0x00000002   PAD
    0x08005ee0   0x08005ee0   0x00000198   Code   RO         4122    x$fpl$dsqrt         fz_wm.l(dsqrt_umaal.o)
    0x08006078   0x08006078   0x000001d4   Code   RO         3999    x$fpl$dsub          fz_wm.l(daddsub_clz.o)
    0x0800624c   0x0800624c   0x00000056   Code   RO         4019    x$fpl$f2d           fz_wm.l(f2d.o)
    0x080062a2   0x080062a2   0x0000008c   Code   RO         4124    x$fpl$fnaninf       fz_wm.l(fnaninf.o)
    0x0800632e   0x0800632e   0x0000000a   Code   RO         4319    x$fpl$fpinit        fz_wm.l(fpinit.o)
    0x08006338   0x08006338   0x0000000a   Code   RO         4126    x$fpl$fretinf       fz_wm.l(fretinf.o)
    0x08006342   0x08006342   0x00000000   Code   RO         4128    x$fpl$usenofp       fz_wm.l(usenofp.o)
    0x08006342   0x08006342   0x00000002   PAD
    0x08006344   0x08006344   0x00000014   Data   RO          178    .constdata          imu_data_analysis.o
    0x08006358   0x08006358   0x00000008   Data   RO         1584    .constdata          stm32f4xx_hal_dma.o
    0x08006360   0x08006360   0x00000010   Data   RO         3950    .constdata          system_stm32f4xx.o
    0x08006370   0x08006370   0x00000008   Data   RO         3951    .constdata          system_stm32f4xx.o
    0x08006378   0x08006378   0x00000050   Data   RO         4024    .constdata          m_wm.l(asin.o)
    0x080063c8   0x080063c8   0x00000030   Data   RO         4144    .constdata          m_wm.l(cos_i.o)
    0x080063f8   0x080063f8   0x000000c8   Data   RO         4189    .constdata          m_wm.l(rred.o)
    0x080064c0   0x080064c0   0x00000028   Data   RO         4193    .constdata          m_wm.l(sin_i.o)
    0x080064e8   0x080064e8   0x00000020   Data   RO         4375    Region$$Table       anon$$obj.o


    Execution Region RW_IRAM2 (Exec base: 0x10000000, Load base: 0x080065c4, Size: 0x00000000, Max: 0x00010000, ABSOLUTE)

    **** No section assigned to this execution region ****


    Execution Region RW_IRAM1 (Exec base: 0x20000000, Load base: 0x08006508, Size: 0x00000ab8, Max: 0x00030000, ABSOLUTE)

    Exec Addr    Load Addr    Size         Type   Attr      Idx    E Section Name        Object

    0x20000000   0x08006508   0x00000008   Data   RW          179    .data               imu_data_analysis.o
    0x20000008   0x08006510   0x00000028   Data   RW          289    .data               quaternion.o
    0x20000030   0x08006538   0x00000064   Data   RW          398    .data               system.o
    0x20000094   0x0800659c   0x00000008   Data   RW          462    .data               mes.o
    0x2000009c   0x080065a4   0x00000004   Data   RW          528    .data               main.o
    0x200000a0   0x080065a8   0x00000004   Data   RW          529    .data               main.o
    0x200000a4   0x080065ac   0x00000008   Data   RW          768    .data               timer.o
    0x200000ac   0x080065b4   0x0000000c   Data   RW         2049    .data               stm32f4xx_hal.o
    0x200000b8   0x080065c0   0x00000004   Data   RW         3952    .data               system_stm32f4xx.o
    0x200000bc        -       0x0000001e   Zero   RW           16    .bss                rc.o
    0x200000da        -       0x00000014   Zero   RW           17    .bss                rc.o
    0x200000ee   0x080065c4   0x00000002   PAD
    0x200000f0        -       0x00000076   Zero   RW          175    .bss                imu_data_analysis.o
    0x20000166   0x080065c4   0x00000002   PAD
    0x20000168        -       0x00000024   Zero   RW          288    .bss                quaternion.o
    0x2000018c        -       0x000000ac   Zero   RW          396    .bss                system.o
    0x20000238        -       0x0000004c   Zero   RW          461    .bss                mes.o
    0x20000284        -       0x00000110   Zero   RW          525    .bss                main.o
    0x20000394        -       0x00000060   Zero   RW          526    .bss                main.o
    0x200003f4        -       0x00000060   Zero   RW          527    .bss                main.o
    0x20000454        -       0x00000060   Zero   RW         4235    .bss                c_w.l(libspace.o)
    0x200004b4   0x080065c4   0x00000004   PAD
    0x200004b8        -       0x00000200   Zero   RW            2    HEAP                startup_stm32f427xx.o
    0x200006b8        -       0x00000400   Zero   RW            1    STACK               startup_stm32f427xx.o


==============================================================================

Image component sizes


      Code (inc. data)   RO Data    RW Data    ZI Data      Debug   Object Name

       228         40          0          0          0       1517   connective.o
      1668        128         20          8        118      38248   imu_data_analysis.o
       680         54          0          8        464       4936   main.o
       194         10          0          8         76       2286   mes.o
       600         24          0          0          0       2646   pid.o
      1100         42          0         40         36       5184   quaternion.o
       132         10          0          0         50     760532   rc.o
        64         26        428          0       1536        828   startup_stm32f427xx.o
       180         28          0         12          0       9421   stm32f4xx_hal.o
      1682          6          0          0          0      14701   stm32f4xx_hal_can.o
       198         14          0          0          0      33715   stm32f4xx_hal_cortex.o
      1084         16          8          0          0       7194   stm32f4xx_hal_dma.o
       574         54          0          0          0       2160   stm32f4xx_hal_gpio.o
       576         68          0          0          0       3660   stm32f4xx_hal_msp.o
      1348         76          0          0          0       5136   stm32f4xx_hal_rcc.o
      1246         20          0          0          0       7002   stm32f4xx_hal_spi.o
      1072         74          0          0          0      10093   stm32f4xx_hal_tim.o
       148         28          0          0          0       2417   stm32f4xx_hal_tim_ex.o
      1776         30          0          0          0      12429   stm32f4xx_hal_uart.o
        92         36          0          0          0       6732   stm32f4xx_it.o
      1776        134          0        100        172       3326   system.o
        16          4         24          4          0       1079   system_stm32f4xx.o
       116         26          0          8          0       1078   timer.o

    ----------------------------------------------------------------------
     16570        948        512        188       2456     936320   Object Totals
         0          0         32          0          0          0   (incl. Generated)
        20          0          0          0          4          0   (incl. Padding)

    ----------------------------------------------------------------------

      Code (inc. data)   RO Data    RW Data    ZI Data      Debug   Library Member Name

         8          0          0          0          0         68   __main.o
         0          0          0          0          0          0   __rtentry.o
        12          0          0          0          0          0   __rtentry2.o
         6          0          0          0          0          0   __rtentry4.o
        52          8          0          0          0          0   __scatter.o
        26          0          0          0          0          0   __scatter_copy.o
        28          0          0          0          0          0   __scatter_zi.o
        22          0          0          0          0        100   _rserrno.o
        18          0          0          0          0         80   exit.o
         6          0          0          0          0        152   heapauxi.o
         0          0          0          0          0          0   indicate_semi.o
         2          0          0          0          0          0   libinit.o
         6          0          0          0          0          0   libinit2.o
         2          0          0          0          0          0   libshutdown.o
         2          0          0          0          0          0   libshutdown2.o
         8          4          0          0         96         68   libspace.o
       238          0          0          0          0        100   lludivv7m.o
         8          4          0          0          0         68   rt_errno_addr_intlibspace.o
        78          0          0          0          0         80   rt_memclr_w.o
       100          0          0          0          0         80   rt_memcpy_w.o
         2          0          0          0          0          0   rtexit.o
        10          0          0          0          0          0   rtexit2.o
        12          4          0          0          0         68   sys_exit.o
        74          0          0          0          0         80   sys_stackheap_outer.o
         2          0          0          0          0         68   use_no_semi.o
        24          0          0          0          0        164   basic.o
        98          4          0          0          0        140   d2f.o
       826         16          0          0          0        492   daddsub_clz.o
       688        140          0          0          0        256   ddiv.o
        94          4          0          0          0        140   dfix.o
        84          0          0          0          0        232   dflt_clz.o
       340         12          0          0          0        152   dmul.o
       156          4          0          0          0        140   dnaninf.o
        12          0          0          0          0        116   dretinf.o
       408         56          0          0          0        168   dsqrt_umaal.o
        86          4          0          0          0        132   f2d.o
       140          4          0          0          0        132   fnaninf.o
        10          0          0          0          0        116   fpinit.o
        10          0          0          0          0        116   fretinf.o
         0          0          0          0          0          0   usenofp.o
       864         94         80          0          0        280   asin.o
       300         42          0          0          0        176   asinf.o
       592         90          0          0          0        184   atan2f.o
       200         20          0          0          0        164   cos.o
       368         46         48          0          0        200   cos_i.o
        84         16          0          0          0        372   dunder.o
        24          0          0          0          0        124   fabs.o
        48          0          0          0          0        124   fpclassify.o
        38          0          0          0          0        116   fpclassifyf.o
        44         12          0          0          0        464   funder.o
       248          0          0          0          0        152   poly.o
      1080        142        200          0          0        188   rred.o
       200         20          0          0          0        164   sin.o
       304         24         40          0          0        208   sin_i.o
       232          0          0          0          0        296   sqrt.o
        62          0          0          0          0        136   sqrtf.o

    ----------------------------------------------------------------------
      8414        774        368          0        100       6856   Library Totals
        28          4          0          0          4          0   (incl. Padding)

    ----------------------------------------------------------------------

      Code (inc. data)   RO Data    RW Data    ZI Data      Debug   Library Name

       722         20          0          0         96       1012   c_w.l
      2976        244          0          0          0       2496   fz_wm.l
      4688        506        368          0          0       3348   m_wm.l

    ----------------------------------------------------------------------
      8414        774        368          0        100       6856   Library Totals

    ----------------------------------------------------------------------

==============================================================================


      Code (inc. data)   RO Data    RW Data    ZI Data      Debug   

     24984       1722        880        188       2556     926360   Grand Totals
     24984       1722        880        188       2556     926360   ELF Image Totals
     24984       1722        880        188          0          0   ROM Totals

==============================================================================

    Total RO  Size (Code + RO Data)                25864 (  25.26kB)
    Total RW  Size (RW Data + ZI Data)              2744 (   2.68kB)
    Total ROM Size (Code + RO Data + RW Data)      26052 (  25.44kB)

==============================================================================

